Archive member included to satisfy reference by file (symbol)

C:/ST/STM32CubeIDE_1.19.0/STM32CubeIDE/plugins/com.st.stm32cube.ide.mcu.externaltools.gnu-tools-for-stm32.13.3.rel1.win32_1.0.0.202411081344/tools/bin/../lib/gcc/arm-none-eabi/13.3.1/../../../../arm-none-eabi/lib/thumb/v7e-m+fp/hard\libc_nano.a(libc_a-exit.o)
                              C:/ST/STM32CubeIDE_1.19.0/STM32CubeIDE/plugins/com.st.stm32cube.ide.mcu.externaltools.gnu-tools-for-stm32.13.3.rel1.win32_1.0.0.202411081344/tools/bin/../lib/gcc/arm-none-eabi/13.3.1/../../../../arm-none-eabi/lib/thumb/v7e-m+fp/hard/crt0.o (exit)
C:/ST/STM32CubeIDE_1.19.0/STM32CubeIDE/plugins/com.st.stm32cube.ide.mcu.externaltools.gnu-tools-for-stm32.13.3.rel1.win32_1.0.0.202411081344/tools/bin/../lib/gcc/arm-none-eabi/13.3.1/../../../../arm-none-eabi/lib/thumb/v7e-m+fp/hard\libc_nano.a(libc_a-findfp.o)
                              C:/ST/STM32CubeIDE_1.19.0/STM32CubeIDE/plugins/com.st.stm32cube.ide.mcu.externaltools.gnu-tools-for-stm32.13.3.rel1.win32_1.0.0.202411081344/tools/bin/../lib/gcc/arm-none-eabi/13.3.1/../../../../arm-none-eabi/lib/thumb/v7e-m+fp/hard\libc_nano.a(libc_a-exit.o) (__stdio_exit_handler)
C:/ST/STM32CubeIDE_1.19.0/STM32CubeIDE/plugins/com.st.stm32cube.ide.mcu.externaltools.gnu-tools-for-stm32.13.3.rel1.win32_1.0.0.202411081344/tools/bin/../lib/gcc/arm-none-eabi/13.3.1/../../../../arm-none-eabi/lib/thumb/v7e-m+fp/hard\libc_nano.a(libc_a-fwalk.o)
                              C:/ST/STM32CubeIDE_1.19.0/STM32CubeIDE/plugins/com.st.stm32cube.ide.mcu.externaltools.gnu-tools-for-stm32.13.3.rel1.win32_1.0.0.202411081344/tools/bin/../lib/gcc/arm-none-eabi/13.3.1/../../../../arm-none-eabi/lib/thumb/v7e-m+fp/hard\libc_nano.a(libc_a-findfp.o) (_fwalk_sglue)
C:/ST/STM32CubeIDE_1.19.0/STM32CubeIDE/plugins/com.st.stm32cube.ide.mcu.externaltools.gnu-tools-for-stm32.13.3.rel1.win32_1.0.0.202411081344/tools/bin/../lib/gcc/arm-none-eabi/13.3.1/../../../../arm-none-eabi/lib/thumb/v7e-m+fp/hard\libc_nano.a(libc_a-snprintf.o)
                              ./Core/Src/main.o (snprintf)
C:/ST/STM32CubeIDE_1.19.0/STM32CubeIDE/plugins/com.st.stm32cube.ide.mcu.externaltools.gnu-tools-for-stm32.13.3.rel1.win32_1.0.0.202411081344/tools/bin/../lib/gcc/arm-none-eabi/13.3.1/../../../../arm-none-eabi/lib/thumb/v7e-m+fp/hard\libc_nano.a(libc_a-stdio.o)
                              C:/ST/STM32CubeIDE_1.19.0/STM32CubeIDE/plugins/com.st.stm32cube.ide.mcu.externaltools.gnu-tools-for-stm32.13.3.rel1.win32_1.0.0.202411081344/tools/bin/../lib/gcc/arm-none-eabi/13.3.1/../../../../arm-none-eabi/lib/thumb/v7e-m+fp/hard\libc_nano.a(libc_a-findfp.o) (__sread)
C:/ST/STM32CubeIDE_1.19.0/STM32CubeIDE/plugins/com.st.stm32cube.ide.mcu.externaltools.gnu-tools-for-stm32.13.3.rel1.win32_1.0.0.202411081344/tools/bin/../lib/gcc/arm-none-eabi/13.3.1/../../../../arm-none-eabi/lib/thumb/v7e-m+fp/hard\libc_nano.a(libc_a-memcmp.o)
                              ./Core/Src/lab4_flash.o (memcmp)
C:/ST/STM32CubeIDE_1.19.0/STM32CubeIDE/plugins/com.st.stm32cube.ide.mcu.externaltools.gnu-tools-for-stm32.13.3.rel1.win32_1.0.0.202411081344/tools/bin/../lib/gcc/arm-none-eabi/13.3.1/../../../../arm-none-eabi/lib/thumb/v7e-m+fp/hard\libc_nano.a(libc_a-memset.o)
                              C:/ST/STM32CubeIDE_1.19.0/STM32CubeIDE/plugins/com.st.stm32cube.ide.mcu.externaltools.gnu-tools-for-stm32.13.3.rel1.win32_1.0.0.202411081344/tools/bin/../lib/gcc/arm-none-eabi/13.3.1/../../../../arm-none-eabi/lib/thumb/v7e-m+fp/hard/crt0.o (memset)
C:/ST/STM32CubeIDE_1.19.0/STM32CubeIDE/plugins/com.st.stm32cube.ide.mcu.externaltools.gnu-tools-for-stm32.13.3.rel1.win32_1.0.0.202411081344/tools/bin/../lib/gcc/arm-none-eabi/13.3.1/../../../../arm-none-eabi/lib/thumb/v7e-m+fp/hard\libc_nano.a(libc_a-closer.o)
                              C:/ST/STM32CubeIDE_1.19.0/STM32CubeIDE/plugins/com.st.stm32cube.ide.mcu.externaltools.gnu-tools-for-stm32.13.3.rel1.win32_1.0.0.202411081344/tools/bin/../lib/gcc/arm-none-eabi/13.3.1/../../../../arm-none-eabi/lib/thumb/v7e-m+fp/hard\libc_nano.a(libc_a-stdio.o) (_close_r)
C:/ST/STM32CubeIDE_1.19.0/STM32CubeIDE/plugins/com.st.stm32cube.ide.mcu.externaltools.gnu-tools-for-stm32.13.3.rel1.win32_1.0.0.202411081344/tools/bin/../lib/gcc/arm-none-eabi/13.3.1/../../../../arm-none-eabi/lib/thumb/v7e-m+fp/hard\libc_nano.a(libc_a-reent.o)
                              C:/ST/STM32CubeIDE_1.19.0/STM32CubeIDE/plugins/com.st.stm32cube.ide.mcu.externaltools.gnu-tools-for-stm32.13.3.rel1.win32_1.0.0.202411081344/tools/bin/../lib/gcc/arm-none-eabi/13.3.1/../../../../arm-none-eabi/lib/thumb/v7e-m+fp/hard\libc_nano.a(libc_a-closer.o) (errno)
C:/ST/STM32CubeIDE_1.19.0/STM32CubeIDE/plugins/com.st.stm32cube.ide.mcu.externaltools.gnu-tools-for-stm32.13.3.rel1.win32_1.0.0.202411081344/tools/bin/../lib/gcc/arm-none-eabi/13.3.1/../../../../arm-none-eabi/lib/thumb/v7e-m+fp/hard\libc_nano.a(libc_a-impure.o)
[...]
Memory Configuration

Name             Origin             Length             Attributes
RAM              0x20000000         0x000a0000         xrw
RAM2             0x10000000         0x00010000         xrw
RAM3             0x20040000         0x00060000         xrw
FLASH            0x08000000         0x00200000         xr
*default*        0x00000000         0xffffffff

Linker script and memory map

LOAD C:/ST/STM32CubeIDE_1.19.0/STM32CubeIDE/plugins/com.st.stm32cube.ide.mcu.externaltools.gnu-tools-for-stm32.13.3.rel1.win32_1.0.0.202411081344/tools/bin/../lib/gcc/arm-none-eabi/13.3.1/thumb/v7e-m+fp/hard/crti.o
LOAD C:/ST/STM32CubeIDE_1.19.0/STM32CubeIDE/plugins/com.st.stm32cube.ide.mcu.externaltools.gnu-tools-for-stm32.13.3.rel1.win32_1.0.0.202411081344/tools/bin/../lib/gcc/arm-none-eabi/13.3.1/thumb/v7e-m+fp/hard/crtbegin.o
LOAD C:/ST/STM32CubeIDE_1.19.0/STM32CubeIDE/plugins/com.st.stm32cube.ide.mcu.externaltools.gnu-tools-for-stm32.13.3.rel1.win32_1.0.0.202411081344/tools/bin/../lib/gcc/arm-none-eabi/13.3.1/../../../../arm-none-eabi/lib/thumb/v7e-m+fp/hard/crt0.o
LOAD ./Core/Src/freertos.o
LOAD ./Core/Src/gpio.o
LOAD ./Core/Src/i2c.o
LOAD ./Core/Src/lab4_flash.o
LOAD ./Core/Src/main.o
LOAD ./Core/Src/octospi.o
LOAD ./Core/Src/stm32l4s5i_iot01.o
LOAD ./Core/Src/stm32l4s5i_iot01_accelero.o
LOAD ./Core/Src/stm32l4s5i_iot01_gyro.o
LOAD ./Core/Src/stm32l4s5i_iot01_hsensor.o
LOAD ./Core/Src/stm32l4s5i_iot01_magneto.o
LOAD ./Core/Src/stm32l4s5i_iot01_nfctag.o
LOAD ./Core/Src/stm32l4s5i_iot01_psensor.o
LOAD ./Core/Src/stm32l4s5i_iot01_qspi.o
LOAD ./Core/Src/stm32l4s5i_iot01_tsensor.o
LOAD ./Core/Src/stm32l4xx_hal_msp.o
LOAD ./Core/Src/stm32l4xx_hal_timebase_tim.o
LOAD ./Core/Src/stm32l4xx_it.o
LOAD ./Core/Src/syscalls.o
LOAD ./Core/Src/sysmem.o
LOAD ./Core/Src/system_stm32l4xx.o
LOAD ./Core/Src/usart.o
LOAD ./Core/Startup/startup_stm32l4s5vitx.o
LOAD ./Drivers/Components/cs42l51/cs42l51.o
LOAD ./Drivers/Components/cs43l22/cs43l22.o
LOAD ./Drivers/Components/cy8c4014lqi/cy8c4014lqi.o
LOAD ./Drivers/Components/ft3x67/ft3x67.o
LOAD ./Drivers/Components/ft5336/ft5336.o
LOAD ./Drivers/Components/ft6x06/ft6x06.o
LOAD ./Drivers/Components/hts221/hts221.o
LOAD ./Drivers/Components/hx8347g/hx8347g.o
LOAD ./Drivers/Components/hx8347i/hx8347i.o
LOAD ./Drivers/Components/l3gd20/l3gd20.o
LOAD ./Drivers/Components/lis3mdl/lis3mdl.o
LOAD ./Drivers/Components/lps22hb/lps22hb.o
LOAD ./Drivers/Components/ls016b8uy/ls016b8uy.o
LOAD ./Drivers/Components/lsm303c/lsm303c.o
LOAD ./Drivers/Components/lsm303dlhc/lsm303dlhc.o
LOAD ./Drivers/Components/lsm6dsl/lsm6dsl.o
LOAD ./Drivers/Components/m24sr/m24sr.o
LOAD ./Drivers/Components/mfxstm32l152/mfxstm32l152.o
LOAD ./Drivers/Components/ov9655/ov9655.o
LOAD ./Drivers/Components/st25dv/st25dv.o
LOAD ./Drivers/Components/st25dv/st25dv_reg.o
LOAD ./Drivers/Components/st7735/st7735.o
LOAD ./Drivers/Components/st7789h2/st7789h2.o
LOAD ./Drivers/Components/stmpe1600/stmpe1600.o
LOAD ./Drivers/Components/stmpe811/stmpe811.o
LOAD ./Drivers/Components/wm8994/wm8994.o
LOAD ./Drivers/STM32L4xx_HAL_Driver/Src/stm32l4xx_hal.o
LOAD ./Drivers/STM32L4xx_HAL_Driver/Src/stm32l4xx_hal_cortex.o
LOAD ./Drivers/STM32L4xx_HAL_Driver/Src/stm32l4xx_hal_dma.o
LOAD ./Drivers/STM32L4xx_HAL_Driver/Src/stm32l4xx_hal_dma_ex.o
LOAD ./Drivers/STM32L4xx_HAL_Driver/Src/stm32l4xx_hal_exti.o
LOAD ./Drivers/STM32L4xx_HAL_Driver/Src/stm32l4xx_hal_flash.o
LOAD ./Drivers/STM32L4xx_HAL_Driver/Src/stm32l4xx_hal_flash_ex.o
LOAD ./Drivers/STM32L4xx_HAL_Driver/Src/stm32l4xx_hal_flash_ramfunc.o
LOAD ./Drivers/STM32L4xx_HAL_Driver/Src/stm32l4xx_hal_gpio.o
LOAD ./Drivers/STM32L4xx_HAL_Driver/Src/stm32l4xx_hal_i2c.o
LOAD ./Drivers/STM32L4xx_HAL_Driver/Src/stm32l4xx_hal_i2c_ex.o
LOAD ./Drivers/STM32L4xx_HAL_Driver/Src/stm32l4xx_hal_ospi.o
LOAD ./Drivers/STM32L4xx_HAL_Driver/Src/stm32l4xx_hal_pwr.o
LOAD ./Drivers/STM32L4xx_HAL_Driver/Src/stm32l4xx_hal_pwr_ex.o
LOAD ./Drivers/STM32L4xx_HAL_Driver/Src/stm32l4xx_hal_rcc.o
LOAD ./Drivers/STM32L4xx_HAL_Driver/Src/stm32l4xx_hal_rcc_ex.o
LOAD ./Drivers/STM32L4xx_HAL_Driver/Src/stm32l4xx_hal_tim.o
LOAD ./Drivers/STM32L4xx_HAL_Driver/Src/stm32l4xx_hal_tim_ex.o
LOAD ./Drivers/STM32L4xx_HAL_Driver/Src/stm32l4xx_hal_uart.o
LOAD ./Drivers/STM32L4xx_HAL_Driver/Src/stm32l4xx_hal_uart_ex.o
LOAD ./Middlewares/Third_Party/FreeRTOS/Source/CMSIS_RTOS/cmsis_os.o
LOAD ./Middlewares/Third_Party/FreeRTOS/Source/croutine.o
LOAD ./Middlewares/Third_Party/FreeRTOS/Source/event_groups.o
LOAD ./Middlewares/Third_Party/FreeRTOS/Source/list.o
LOAD ./Middlewares/Third_Party/FreeRTOS/Source/queue.o
LOAD ./Middlewares/Third_Party/FreeRTOS/Source/stream_buffer.o
LOAD ./Middlewares/Third_Party/FreeRTOS/Source/tasks.o
LOAD ./Middlewares/Third_Party/FreeRTOS/Source/timers.o
LOAD ./Middlewares/Third_Party/FreeRTOS/Source/portable/GCC/ARM_CM4F/port.o
LOAD ./Middlewares/Third_Party/FreeRTOS/Source/portable/MemMang/heap_4.o
START GROUP
LOAD C:/ST/STM32CubeIDE_1.19.0/STM32CubeIDE/plugins/com.st.stm32cube.ide.mcu.externaltools.gnu-tools-for-stm32.13.3.rel1.win32_1.0.0.202411081344/tools/bin/../lib/gcc/arm-none-eabi/13.3.1/../../../../arm-none-eabi/lib/thumb/v7e-m+fp/hard\libc_nano.a
LOAD C:/ST/STM32CubeIDE_1.19.0/STM32CubeIDE/plugins/com.st.stm32cube.ide.mcu.externaltools.gnu-tools-for-stm32.13.3.rel1.win32_1.0.0.202411081344/tools/bin/../lib/gcc/arm-none-eabi/13.3.1/../../../../arm-none-eabi/lib/thumb/v7e-m+fp/hard\libm.a
END GROUP
START GROUP
LOAD C:/ST/STM32CubeIDE_1.19.0/STM32CubeIDE/plugins/com.st.stm32cube.ide.mcu.externaltools.gnu-tools-for-stm32.13.3.rel1.win32_1.0.0.202411081344/tools/bin/../lib/gcc/arm-none-eabi/13.3.1/thumb/v7e-m+fp/hard\libgcc.a
LOAD C:/ST/STM32CubeIDE_1.19.0/STM32CubeIDE/plugins/com.st.stm32cube.ide.mcu.externaltools.gnu-tools-for-stm32.13.3.rel1.win32_1.0.0.202411081344/tools/bin/../lib/gcc/arm-none-eabi/13.3.1/../../../../arm-none-eabi/lib/thumb/v7e-m+fp/hard\libc_nano.a
END GROUP
START GROUP
LOAD C:/ST/STM32CubeIDE_1.19.0/STM32CubeIDE/plugins/com.st.stm32cube.ide.mcu.externaltools.gnu-tools-for-stm32.13.3.rel1.win32_1.0.0.202411081344/tools/bin/../lib/gcc/arm-none-eabi/13.3.1/thumb/v7e-m+fp/hard\libgcc.a
LOAD C:/ST/STM32CubeIDE_1.19.0/STM32CubeIDE/plugins/com.st.stm32cube.ide.mcu.externaltools.gnu-tools-for-stm32.13.3.rel1.win32_1.0.0.202411081344/tools/bin/../lib/gcc/arm-none-eabi/13.3.1/../../../../arm-none-eabi/lib/thumb/v7e-m+fp/hard\libc_nano.a
LOAD C:/ST/STM32CubeIDE_1.19.0/STM32CubeIDE/plugins/com.st.stm32cube.ide.mcu.externaltools.gnu-tools-for-stm32.13.3.rel1.win32_1.0.0.202411081344/tools/bin/../lib/gcc/arm-none-eabi/13.3.1/../../../../arm-none-eabi/lib/thumb/v7e-m+fp/hard\libnosys.a
END GROUP
START GROUP
LOAD C:/ST/STM32CubeIDE_1.19.0/STM32CubeIDE/plugins/com.st.stm32cube.ide.mcu.externaltools.gnu-tools-for-stm32.13.3.rel1.win32_1.0.0.202411081344/tools/bin/../lib/gcc/arm-none-eabi/13.3.1/thumb/v7e-m+fp/hard\libgcc.a
LOAD C:/ST/STM32CubeIDE_1.19.0/STM32CubeIDE/plugins/com.st.stm32cube.ide.mcu.externaltools.gnu-tools-for-stm32.13.3.rel1.win32_1.0.0.202411081344/tools/bin/../lib/gcc/arm-none-eabi/13.3.1/../../../../arm-none-eabi/lib/thumb/v7e-m+fp/hard\libc_nano.a
LOAD C:/ST/STM32CubeIDE_1.19.0/STM32CubeIDE/plugins/com.st.stm32cube.ide.mcu.externaltools.gnu-tools-for-stm32.13.3.rel1.win32_1.0.0.202411081344/tools/bin/../lib/gcc/arm-none-eabi/13.3.1/../../../../arm-none-eabi/lib/thumb/v7e-m+fp/hard\libnosys.a
END GROUP
LOAD C:/ST/STM32CubeIDE_1.19.0/STM32CubeIDE/plugins/com.st.stm32cube.ide.mcu.externaltools.gnu-tools-for-stm32.13.3.rel1.win32_1.0.0.202411081344/tools/bin/../lib/gcc/arm-none-eabi/13.3.1/thumb/v7e-m+fp/hard/crtend.o
LOAD C:/ST/STM32CubeIDE_1.19.0/STM32CubeIDE/plugins/com.st.stm32cube.ide.mcu.externaltools.gnu-tools-for-stm32.13.3.rel1.win32_1.0.0.202411081344/tools/bin/../lib/gcc/arm-none-eabi/13.3.1/thumb/v7e-m+fp/hard/crtn.o
                0x200a0000                        _estack = (ORIGIN (RAM) + LENGTH (RAM))
                0x00000200                        _Min_Heap_Size = 0x200
                0x00000400                        _Min_Stack_Size = 0x400

.isr_vector     0x08000000      0x1bc
                0x08000000                        . = ALIGN (0x4)
 *(.isr_vector)
 .isr_vector    0x08000000      0x1bc ./Core/Startup/startup_stm32l4s5vitx.o
                0x08000000                g_pfnVectors
                0x080001bc                        . = ALIGN (0x4)

.text           0x080001c0     0xa234
                0x080001c0                        . = ALIGN (0x4)
 *(.text)
 .text          0x080001c0       0x40 C:/ST/STM32CubeIDE_1.19.0/STM32CubeIDE/plugins/com.st.stm32cube.ide.mcu.externaltools.gnu-tools-for-stm32.13.3.rel1.win32_1.0.0.202411081344/tools/bin/../lib/gcc/arm-none-eabi/13.3.1/thumb/v7e-m+fp/hard/crtbegin.o
 .text          0x08000200       0x10 C:/ST/STM32CubeIDE_1.19.0/STM32CubeIDE/plugins/com.st.stm32cube.ide.mcu.externaltools.gnu-tools-for-stm32.13.3.rel1.win32_1.0.0.202411081344/tools/bin/../lib/gcc/arm-none-eabi/13.3.1/../../../../arm-none-eabi/lib/thumb/v7e-m+fp/hard\libc_nano.a(libc_a-strlen.o)
                0x08000200                strlen
 .text          0x08000210       0xa0 C:/ST/STM32CubeIDE_1.19.0/STM32CubeIDE/plugins/com.st.stm32cube.ide.mcu.externaltools.gnu-tools-for-stm32.13.3.rel1.win32_1.0.0.202411081344/tools/bin/../lib/gcc/arm-none-eabi/13.3.1/../../../../arm-none-eabi/lib/thumb/v7e-m+fp/hard\libc_nano.a(libc_a-memchr.o)
                0x08000210                memchr
 .text          0x080002b0       0xa0 C:/ST/STM32CubeIDE_1.19.0/STM32CubeIDE/plugins/com.st.stm32cube.ide.mcu.externaltools.gnu-tools-for-stm32.13.3.rel1.win32_1.0.0.202411081344/tools/bin/../lib/gcc/arm-none-eabi/13.3.1/thumb/v7e-m+fp/hard\libgcc.a(_aeabi_ldivmod.o)
                0x080002b0                __aeabi_ldivmod
 .text          0x08000350       0x30 C:/ST/STM32CubeIDE_1.19.0/STM32CubeIDE/plugins/com.st.stm32cube.ide.mcu.externaltools.gnu-tools-for-stm32.13.3.rel1.win32_1.0.0.202411081344/tools/bin/../lib/gcc/arm-none-eabi/13.3.1/thumb/v7e-m+fp/hard\libgcc.a(_aeabi_uldivmod.o)
                0x08000350                __aeabi_uldivmod
 .text          0x08000380      0x2f8 C:/ST/STM32CubeIDE_1.19.0/STM32CubeIDE/plugins/com.st.stm32cube.ide.mcu.externaltools.gnu-tools-for-stm32.13.3.rel1.win32_1.0.0.202411081344/tools/bin/../lib/gcc/arm-none-eabi/13.3.1/thumb/v7e-m+fp/hard\libgcc.a(_udivmoddi4.o)
                0x08000380                __udivmoddi4
 .text          0x08000678        0x4 C:/ST/STM32CubeIDE_1.19.0/STM32CubeIDE/plugins/com.st.stm32cube.ide.mcu.externaltools.gnu-tools-for-stm32.13.3.rel1.win32_1.0.0.202411081344/tools/bin/../lib/gcc/arm-none-eabi/13.3.1/thumb/v7e-m+fp/hard\libgcc.a(_dvmd_tls.o)
                0x08000678                __aeabi_idiv0
                0x08000678                __aeabi_ldiv0
 *(.text*)
 .text.vApplicationGetIdleTaskMemory
                0x0800067c       0x34 ./Core/Src/freertos.o
                0x0800067c                vApplicationGetIdleTaskMemory
 .text.MX_FREERTOS_Init
                0x080006b0       0xf8 ./Core/Src/freertos.o
                0x080006b0                MX_FREERTOS_Init
 .text.StartSensorTask
                0x080007a8       0x30 ./Core/Src/freertos.o
                0x080007a8                StartSensorTask
 .text.StartUartTask
                0x080007d8       0x30 ./Core/Src/freertos.o
                0x080007d8                StartUartTask
 .text.StartButtonTask
                0x08000808       0x30 ./Core/Src/freertos.o
                0x08000808                StartButtonTask
 .text.DebugPrint
                0x08000838       0x30 ./Core/Src/freertos.o
 .text.MX_GPIO_Init
                0x08000868       0x88 ./Core/Src/gpio.o
                0x08000868                MX_GPIO_Init
 .text.MX_I2C2_Init
                0x080008f0       0x80 ./Core/Src/i2c.o
                0x080008f0                MX_I2C2_Init
 .text.HAL_I2C_MspInit
                0x08000970       0xbc ./Core/Src/i2c.o
                0x08000970                HAL_I2C_MspInit
 .text.HAL_I2C_MspDeInit
                0x08000a2c       0x48 ./Core/Src/i2c.o
                0x08000a2c                HAL_I2C_MspDeInit
 .text.Lab4Flash_CheckRange
                0x08000a74       0x58 ./Core/Src/lab4_flash.o
 .text.Lab4Flash_Init
                0x08000acc       0x3c ./Core/Src/lab4_flash.o
                0x08000acc                Lab4Flash_Init
 .text.Lab4Flash_EraseBlock
                0x08000b08       0x4e ./Core/Src/lab4_flash.o
                0x08000b08                Lab4Flash_EraseBlock
 .text.Lab4Flash_Write
                0x08000b56       0x58 ./Core/Src/lab4_flash.o
                0x08000b56                Lab4Flash_Write
 .text.Lab4Flash_Read
                0x08000bae       0x58 ./Core/Src/lab4_flash.o
                0x08000bae                Lab4Flash_Read
 *fill*         0x08000c06        0x2 
 .text.Lab4Flash_RunSelfTest
                0x08000c08      0x130 ./Core/Src/lab4_flash.o
                0x08000c08                Lab4Flash_RunSelfTest
 .text.Lab4Flash_GetInfo
                0x08000d38       0x24 ./Core/Src/lab4_flash.o
                0x08000d38                Lab4Flash_GetInfo
 .text.Part4_ResetStats
                0x08000d5c       0x84 ./Core/Src/main.o
 .text.Part4_InitLogging
                0x08000de0       0xa4 ./Core/Src/main.o
 .text.Part4_GetHumidityForLog
                0x08000e84       0x20 ./Core/Src/main.o
 .text.Part4_GetMagnetoXForLog
                0x08000ea4       0x18 ./Core/Src/main.o
 .text.Part4_GetAcceleroXForLog
                0x08000ebc       0x18 ./Core/Src/main.o
 .text.Part4_GetPressureForLog
                0x08000ed4       0x20 ./Core/Src/main.o
 .text.Part4_LogAppendRecord
                0x08000ef4       0x84 ./Core/Src/main.o
 .text.Part4_EnsureLogCapacity
                0x08000f78       0x80 ./Core/Src/main.o
 .text.Part4_FlushLogBuffer
                0x08000ff8       0xac ./Core/Src/main.o
 .text.Part4_LogCurrentSamples
                0x080010a4       0x88 ./Core/Src/main.o
 .text.Part4_AccumulateRecord
                0x0800112c       0x98 ./Core/Src/main.o
 .text.Part4_FinalizeStats
                0x080011c4      0x134 ./Core/Src/main.o
 .text.Part4_RecomputeStatsFromFlash
                0x080012f8       0xc0 ./Core/Src/main.o
 .text.Part4_UpdateStatsIfNeeded
                0x080013b8       0x3c ./Core/Src/main.o
 .text.Sensors_Init
                0x080013f4       0x40 ./Core/Src/main.o
                0x080013f4                Sensors_Init
 .text.Sensors_ReadAll
                0x08001434       0x48 ./Core/Src/main.o
                0x08001434                Sensors_ReadAll
 .text.Handle_Button
                0x0800147c       0x8c ./Core/Src/main.o
                0x0800147c                Handle_Button
 .text.UART_SendSelectedSensor
                0x08001508      0x1d4 ./Core/Src/main.o
                0x08001508                UART_SendSelectedSensor
 .text.main     0x080016dc      0x128 ./Core/Src/main.o
                0x080016dc                main
 .text.SystemClock_Config
                0x08001804       0xa2 ./Core/Src/main.o
                0x08001804                SystemClock_Config
 *fill*         0x080018a6        0x2 
 .text.HAL_TIM_PeriodElapsedCallback
                0x080018a8       0x24 ./Core/Src/main.o
                0x080018a8                HAL_TIM_PeriodElapsedCallback
 .text.Error_Handler
                0x080018cc        0xc ./Core/Src/main.o
                0x080018cc                Error_Handler
 .text.MX_OCTOSPI1_Init
                0x080018d8       0xa8 ./Core/Src/octospi.o
                0x080018d8                MX_OCTOSPI1_Init
 .text.HAL_OSPI_MspInit
                0x08001980       0xd8 ./Core/Src/octospi.o
                0x08001980                HAL_OSPI_MspInit
 .text.HAL_OSPI_MspDeInit
                0x08001a58       0x48 ./Core/Src/octospi.o
                0x08001a58                HAL_OSPI_MspDeInit
 .text.I2Cx_MspInit
                0x08001aa0       0xb0 ./Core/Src/stm32l4s5i_iot01.o
 .text.I2Cx_Init
                0x08001b50       0x5c ./Core/Src/stm32l4s5i_iot01.o
 .text.I2Cx_ReadMultiple
                0x08001bac       0x5a ./Core/Src/stm32l4s5i_iot01.o
 .text.I2Cx_WriteMultiple
                0x08001c06       0x5a ./Core/Src/stm32l4s5i_iot01.o
 .text.I2Cx_Error
                0x08001c60       0x20 ./Core/Src/stm32l4s5i_iot01.o
 .text.SENSOR_IO_Init
                0x08001c80       0x14 ./Core/Src/stm32l4s5i_iot01.o
                0x08001c80                SENSOR_IO_Init
 .text.SENSOR_IO_Write
                0x08001c94       0x34 ./Core/Src/stm32l4s5i_iot01.o
                0x08001c94                SENSOR_IO_Write
 .text.SENSOR_IO_Read
                0x08001cc8       0x3c ./Core/Src/stm32l4s5i_iot01.o
                0x08001cc8                SENSOR_IO_Read
 .text.SENSOR_IO_ReadMultiple
                0x08001d04       0x3c ./Core/Src/stm32l4s5i_iot01.o
                0x08001d04                SENSOR_IO_ReadMultiple
 .text.BSP_ACCELERO_Init
                0x08001d40       0x80 ./Core/Src/stm32l4s5i_iot01_accelero.o
                0x08001d40                BSP_ACCELERO_Init
 .text.BSP_ACCELERO_AccGetXYZ
                0x08001dc0       0x30 ./Core/Src/stm32l4s5i_iot01_accelero.o
                0x08001dc0                BSP_ACCELERO_AccGetXYZ
 .text.BSP_HSENSOR_Init
                0x08001df0       0x40 ./Core/Src/stm32l4s5i_iot01_hsensor.o
                0x08001df0                BSP_HSENSOR_Init
 .text.BSP_HSENSOR_ReadHumidity
                0x08001e30       0x1c ./Core/Src/stm32l4s5i_iot01_hsensor.o
                0x08001e30                BSP_HSENSOR_ReadHumidity
 .text.BSP_MAGNETO_Init
                0x08001e4c       0x58 ./Core/Src/stm32l4s5i_iot01_magneto.o
                0x08001e4c                BSP_MAGNETO_Init
 .text.BSP_MAGNETO_GetXYZ
                0x08001ea4       0x30 ./Core/Src/stm32l4s5i_iot01_magneto.o
                0x08001ea4                BSP_MAGNETO_GetXYZ
 .text.BSP_PSENSOR_Init
                0x08001ed4       0x40 ./Core/Src/stm32l4s5i_iot01_psensor.o
                0x08001ed4                BSP_PSENSOR_Init
 .text.BSP_PSENSOR_ReadPressure
                0x08001f14       0x1c ./Core/Src/stm32l4s5i_iot01_psensor.o
                0x08001f14                BSP_PSENSOR_ReadPressure
 .text.BSP_QSPI_Init
                0x08001f30       0xfc ./Core/Src/stm32l4s5i_iot01_qspi.o
                0x08001f30                BSP_QSPI_Init
 .text.BSP_QSPI_Read
                0x0800202c       0xa4 ./Core/Src/stm32l4s5i_iot01_qspi.o
                0x0800202c                BSP_QSPI_Read
 .text.BSP_QSPI_Write
                0x080020d0      0x10c ./Core/Src/stm32l4s5i_iot01_qspi.o
                0x080020d0                BSP_QSPI_Write
 .text.BSP_QSPI_Erase_Block
                0x080021dc       0x94 ./Core/Src/stm32l4s5i_iot01_qspi.o
                0x080021dc                BSP_QSPI_Erase_Block
 .text.BSP_QSPI_GetInfo
                0x08002270       0x3e ./Core/Src/stm32l4s5i_iot01_qspi.o
                0x08002270                BSP_QSPI_GetInfo
 *fill*         0x080022ae        0x2 
 .text.BSP_QSPI_MspInit
                0x080022b0       0x80 ./Core/Src/stm32l4s5i_iot01_qspi.o
                0x080022b0                BSP_QSPI_MspInit
 .text.QSPI_ResetMemory
                0x08002330       0x8e ./Core/Src/stm32l4s5i_iot01_qspi.o
 .text.QSPI_WriteEnable
                0x080023be       0xb8 ./Core/Src/stm32l4s5i_iot01_qspi.o
 .text.QSPI_AutoPollingMemReady
                0x08002476       0x96 ./Core/Src/stm32l4s5i_iot01_qspi.o
 .text.QSPI_QuadMode
                0x0800250c      0x158 ./Core/Src/stm32l4s5i_iot01_qspi.o
 .text.QSPI_HighPerfMode
                0x08002664      0x19e ./Core/Src/stm32l4s5i_iot01_qspi.o
 *fill*         0x08002802        0x2 
 .text.HAL_MspInit
                0x08002804       0x50 ./Core/Src/stm32l4xx_hal_msp.o
                0x08002804                HAL_MspInit
 .text.HAL_InitTick
                0x08002854       0xf4 ./Core/Src/stm32l4xx_hal_timebase_tim.o
                0x08002854                HAL_InitTick
 .text.NMI_Handler
                0x08002948        0x8 ./Core/Src/stm32l4xx_it.o
                0x08002948                NMI_Handler
 .text.HardFault_Handler
                0x08002950        0x8 ./Core/Src/stm32l4xx_it.o
                0x08002950                HardFault_Handler
 .text.MemManage_Handler
                0x08002958        0x8 ./Core/Src/stm32l4xx_it.o
                0x08002958                MemManage_Handler
 .text.BusFault_Handler
                0x08002960        0x8 ./Core/Src/stm32l4xx_it.o
                0x08002960                BusFault_Handler
 .text.UsageFault_Handler
                0x08002968        0x8 ./Core/Src/stm32l4xx_it.o
                0x08002968                UsageFault_Handler
 .text.DebugMon_Handler
                0x08002970        0xe ./Core/Src/stm32l4xx_it.o
                0x08002970                DebugMon_Handler
 *fill*         0x0800297e        0x2 
 .text.TIM6_DAC_IRQHandler
                0x08002980       0x14 ./Core/Src/stm32l4xx_it.o
                0x08002980                TIM6_DAC_IRQHandler
 .text._sbrk    0x08002994       0x6c ./Core/Src/sysmem.o
                0x08002994                _sbrk
 .text.SystemInit
                0x08002a00       0x24 ./Core/Src/system_stm32l4xx.o
                0x08002a00                SystemInit
 .text.MX_USART1_UART_Init
                0x08002a24       0x98 ./Core/Src/usart.o
                0x08002a24                MX_USART1_UART_Init
 .text.HAL_UART_MspInit
                0x08002abc       0xbc ./Core/Src/usart.o
                0x08002abc                HAL_UART_MspInit
 .text.Reset_Handler
                0x08002b78       0x50 ./Core/Startup/startup_stm32l4s5vitx.o
                0x08002b78                Reset_Handler
 .text.Default_Handler
                0x08002bc8        0x2 ./Core/Startup/startup_stm32l4s5vitx.o
                0x08002bc8                RTC_Alarm_IRQHandler
                0x08002bc8                EXTI2_IRQHandler
                0x08002bc8                TIM8_TRG_COM_IRQHandler
                0x08002bc8                TIM8_CC_IRQHandler
                0x08002bc8                TIM1_CC_IRQHandler
                0x08002bc8                TSC_IRQHandler
                0x08002bc8                TAMP_STAMP_IRQHandler
                0x08002bc8                EXTI3_IRQHandler
                0x08002bc8                LPTIM2_IRQHandler
                0x08002bc8                DFSDM1_FLT1_IRQHandler
                0x08002bc8                GFXMMU_IRQHandler
                0x08002bc8                I2C3_ER_IRQHandler
                0x08002bc8                DFSDM1_FLT2_IRQHandler
                0x08002bc8                EXTI0_IRQHandler
                0x08002bc8                I2C2_EV_IRQHandler
                0x08002bc8                CAN1_RX0_IRQHandler
                0x08002bc8                FPU_IRQHandler
                0x08002bc8                TIM1_UP_TIM16_IRQHandler
                0x08002bc8                LTDC_ER_IRQHandler
                0x08002bc8                SPI1_IRQHandler
                0x08002bc8                OCTOSPI1_IRQHandler
                0x08002bc8                DCMI_IRQHandler
                0x08002bc8                TIM8_UP_IRQHandler
                0x08002bc8                OCTOSPI2_IRQHandler
                0x08002bc8                DMA2_Channel2_IRQHandler
                0x08002bc8                DMA1_Channel4_IRQHandler
                0x08002bc8                SAI2_IRQHandler
                0x08002bc8                ADC1_IRQHandler
                0x08002bc8                DFSDM1_FLT3_IRQHandler
                0x08002bc8                USART3_IRQHandler
                0x08002bc8                DMA1_Channel7_IRQHandler
                0x08002bc8                CAN1_RX1_IRQHandler
                0x08002bc8                UART5_IRQHandler
                0x08002bc8                TIM4_IRQHandler
                0x08002bc8                DMA2_Channel1_IRQHandler
                0x08002bc8                I2C1_EV_IRQHandler
                0x08002bc8                DMAMUX1_OVR_IRQHandler
                0x08002bc8                DMA1_Channel6_IRQHandler
                0x08002bc8                UART4_IRQHandler
                0x08002bc8                DMA2_Channel4_IRQHandler
                0x08002bc8                TIM3_IRQHandler
                0x08002bc8                RCC_IRQHandler
                0x08002bc8                DMA1_Channel1_IRQHandler
                0x08002bc8                Default_Handler
                0x08002bc8                DMA2_Channel7_IRQHandler
                0x08002bc8                EXTI15_10_IRQHandler
                0x08002bc8                TIM7_IRQHandler
                0x08002bc8                SDMMC1_IRQHandler
                0x08002bc8                TIM5_IRQHandler
                0x08002bc8                I2C3_EV_IRQHandler
                0x08002bc8                EXTI9_5_IRQHandler
                0x08002bc8                RTC_WKUP_IRQHandler
                0x08002bc8                LTDC_IRQHandler
                0x08002bc8                PVD_PVM_IRQHandler
                0x08002bc8                SPI2_IRQHandler
                0x08002bc8                CAN1_TX_IRQHandler
                0x08002bc8                DMA2_Channel5_IRQHandler
                0x08002bc8                DMA1_Channel5_IRQHandler
                0x08002bc8                EXTI4_IRQHandler
                0x08002bc8                RNG_IRQHandler
                0x08002bc8                TIM1_TRG_COM_TIM17_IRQHandler
                0x08002bc8                DMA1_Channel3_IRQHandler
                0x08002bc8                COMP_IRQHandler
                0x08002bc8                HASH_CRS_IRQHandler
                0x08002bc8                WWDG_IRQHandler
                0x08002bc8                I2C4_EV_IRQHandler
                0x08002bc8                LPUART1_IRQHandler
                0x08002bc8                DMA2_Channel6_IRQHandler
                0x08002bc8                TIM2_IRQHandler
                0x08002bc8                DMA2D_IRQHandler
                0x08002bc8                EXTI1_IRQHandler
                0x08002bc8                AES_IRQHandler
                0x08002bc8                USART2_IRQHandler
                0x08002bc8                DFSDM1_FLT0_IRQHandler
                0x08002bc8                I2C2_ER_IRQHandler
                0x08002bc8                DMA1_Channel2_IRQHandler
                0x08002bc8                TIM8_BRK_IRQHandler
                0x08002bc8                CAN1_SCE_IRQHandler
                0x08002bc8                FLASH_IRQHandler
                0x08002bc8                USART1_IRQHandler
                0x08002bc8                OTG_FS_IRQHandler
                0x08002bc8                SPI3_IRQHandler
                0x08002bc8                I2C1_ER_IRQHandler
                0x08002bc8                FMC_IRQHandler
                0x08002bc8                LPTIM1_IRQHandler
                0x08002bc8                I2C4_ER_IRQHandler
                0x08002bc8                SAI1_IRQHandler
                0x08002bc8                DMA2_Channel3_IRQHandler
                0x08002bc8                TIM1_BRK_TIM15_IRQHandler
 .text.HTS221_H_Init
                0x08002bca       0x58 ./Drivers/Components/hts221/hts221.o
                0x08002bca                HTS221_H_Init
 .text.HTS221_H_ReadID
                0x08002c22       0x2c ./Drivers/Components/hts221/hts221.o
                0x08002c22                HTS221_H_ReadID
 *fill*         0x08002c4e        0x2 
 .text.HTS221_H_ReadHumidity
                0x08002c50      0x13c ./Drivers/Components/hts221/hts221.o
                0x08002c50                HTS221_H_ReadHumidity
 .text.LIS3MDL_MagInit
                0x08002d8c       0x50 ./Drivers/Components/lis3mdl/lis3mdl.o
                0x08002d8c                LIS3MDL_MagInit
 .text.LIS3MDL_MagDeInit
                0x08002ddc       0x3a ./Drivers/Components/lis3mdl/lis3mdl.o
                0x08002ddc                LIS3MDL_MagDeInit
 .text.LIS3MDL_MagReadID
                0x08002e16       0x16 ./Drivers/Components/lis3mdl/lis3mdl.o
                0x08002e16                LIS3MDL_MagReadID
 .text.LIS3MDL_MagLowPower
                0x08002e2c       0x44 ./Drivers/Components/lis3mdl/lis3mdl.o
                0x08002e2c                LIS3MDL_MagLowPower
 .text.LIS3MDL_MagReadXYZ
                0x08002e70      0x108 ./Drivers/Components/lis3mdl/lis3mdl.o
                0x08002e70                LIS3MDL_MagReadXYZ
 .text.LPS22HB_P_Init
                0x08002f78       0x1a ./Drivers/Components/lps22hb/lps22hb.o
                0x08002f78                LPS22HB_P_Init
 .text.LPS22HB_P_ReadID
                0x08002f92       0x2c ./Drivers/Components/lps22hb/lps22hb.o
                0x08002f92                LPS22HB_P_ReadID
 *fill*         0x08002fbe        0x2 
 .text.LPS22HB_P_ReadPressure
                0x08002fc0       0xbc ./Drivers/Components/lps22hb/lps22hb.o
                0x08002fc0                LPS22HB_P_ReadPressure
 .text.LPS22HB_Init
                0x0800307c       0x7e ./Drivers/Components/lps22hb/lps22hb.o
 .text.LSM6DSL_AccInit
                0x080030fa       0x72 ./Drivers/Components/lsm6dsl/lsm6dsl.o
                0x080030fa                LSM6DSL_AccInit
 .text.LSM6DSL_AccDeInit
                0x0800316c       0x32 ./Drivers/Components/lsm6dsl/lsm6dsl.o
                0x0800316c                LSM6DSL_AccDeInit
 .text.LSM6DSL_AccReadID
                0x0800319e       0x16 ./Drivers/Components/lsm6dsl/lsm6dsl.o
                0x0800319e                LSM6DSL_AccReadID
 .text.LSM6DSL_AccLowPower
                0x080031b4       0x44 ./Drivers/Components/lsm6dsl/lsm6dsl.o
                0x080031b4                LSM6DSL_AccLowPower
 .text.LSM6DSL_AccReadXYZ
                0x080031f8      0x12c ./Drivers/Components/lsm6dsl/lsm6dsl.o
                0x080031f8                LSM6DSL_AccReadXYZ
 .text.HAL_Init
                0x08003324       0x30 ./Drivers/STM32L4xx_HAL_Driver/Src/stm32l4xx_hal.o
                0x08003324                HAL_Init
 .text.HAL_IncTick
                0x08003354       0x28 ./Drivers/STM32L4xx_HAL_Driver/Src/stm32l4xx_hal.o
                0x08003354                HAL_IncTick
 .text.HAL_GetTick
                0x0800337c       0x18 ./Drivers/STM32L4xx_HAL_Driver/Src/stm32l4xx_hal.o
                0x0800337c                HAL_GetTick
 .text.__NVIC_SetPriorityGrouping
                0x08003394       0x48 ./Drivers/STM32L4xx_HAL_Driver/Src/stm32l4xx_hal_cortex.o
 .text.__NVIC_GetPriorityGrouping
                0x080033dc       0x1c ./Drivers/STM32L4xx_HAL_Driver/Src/stm32l4xx_hal_cortex.o
 .text.__NVIC_EnableIRQ
                0x080033f8       0x3c ./Drivers/STM32L4xx_HAL_Driver/Src/stm32l4xx_hal_cortex.o
 .text.__NVIC_SetPriority
                0x08003434       0x54 ./Drivers/STM32L4xx_HAL_Driver/Src/stm32l4xx_hal_cortex.o
 .text.NVIC_EncodePriority
                0x08003488       0x66 ./Drivers/STM32L4xx_HAL_Driver/Src/stm32l4xx_hal_cortex.o
 .text.HAL_NVIC_SetPriorityGrouping
                0x080034ee       0x16 ./Drivers/STM32L4xx_HAL_Driver/Src/stm32l4xx_hal_cortex.o
                0x080034ee                HAL_NVIC_SetPriorityGrouping
 .text.HAL_NVIC_SetPriority
                0x08003504       0x38 ./Drivers/STM32L4xx_HAL_Driver/Src/stm32l4xx_hal_cortex.o
                0x08003504                HAL_NVIC_SetPriority
 .text.HAL_NVIC_EnableIRQ
                0x0800353c       0x1c ./Drivers/STM32L4xx_HAL_Driver/Src/stm32l4xx_hal_cortex.o
                0x0800353c                HAL_NVIC_EnableIRQ
 .text.HAL_GPIO_Init
                0x08003558      0x324 ./Drivers/STM32L4xx_HAL_Driver/Src/stm32l4xx_hal_gpio.o
                0x08003558                HAL_GPIO_Init
 .text.HAL_GPIO_DeInit
                0x0800387c      0x1e4 ./Drivers/STM32L4xx_HAL_Driver/Src/stm32l4xx_hal_gpio.o
                0x0800387c                HAL_GPIO_DeInit
 .text.HAL_GPIO_ReadPin
                0x08003a60       0x30 ./Drivers/STM32L4xx_HAL_Driver/Src/stm32l4xx_hal_gpio.o
                0x08003a60                HAL_GPIO_ReadPin
 .text.HAL_I2C_Init
                0x08003a90      0x136 ./Drivers/STM32L4xx_HAL_Driver/Src/stm32l4xx_hal_i2c.o
                0x08003a90                HAL_I2C_Init
 .text.HAL_I2C_DeInit
                0x08003bc6       0x5e ./Drivers/STM32L4xx_HAL_Driver/Src/stm32l4xx_hal_i2c.o
                0x08003bc6                HAL_I2C_DeInit
 .text.HAL_I2C_Mem_Write
                0x08003c24      0x228 ./Drivers/STM32L4xx_HAL_Driver/Src/stm32l4xx_hal_i2c.o
                0x08003c24                HAL_I2C_Mem_Write
 .text.HAL_I2C_Mem_Read
                0x08003e4c      0x234 ./Drivers/STM32L4xx_HAL_Driver/Src/stm32l4xx_hal_i2c.o
                0x08003e4c                HAL_I2C_Mem_Read
 .text.I2C_RequestMemoryWrite
                0x08004080       0xa8 ./Drivers/STM32L4xx_HAL_Driver/Src/stm32l4xx_hal_i2c.o
 .text.I2C_RequestMemoryRead
                0x08004128       0xa8 ./Drivers/STM32L4xx_HAL_Driver/Src/stm32l4xx_hal_i2c.o
 .text.I2C_Flush_TXDR
                0x080041d0       0x48 ./Drivers/STM32L4xx_HAL_Driver/Src/stm32l4xx_hal_i2c.o
 .text.I2C_WaitOnFlagUntilTimeout
                0x08004218       0xb2 ./Drivers/STM32L4xx_HAL_Driver/Src/stm32l4xx_hal_i2c.o
 .text.I2C_WaitOnTXISFlagUntilTimeout
                0x080042ca       0x8e ./Drivers/STM32L4xx_HAL_Driver/Src/stm32l4xx_hal_i2c.o
 .text.I2C_WaitOnSTOPFlagUntilTimeout
                0x08004358       0x86 ./Drivers/STM32L4xx_HAL_Driver/Src/stm32l4xx_hal_i2c.o
 *fill*         0x080043de        0x2 
 .text.I2C_IsErrorOccurred
                0x080043e0      0x1c0 ./Drivers/STM32L4xx_HAL_Driver/Src/stm32l4xx_hal_i2c.o
 .text.I2C_TransferConfig
                0x080045a0       0x64 ./Drivers/STM32L4xx_HAL_Driver/Src/stm32l4xx_hal_i2c.o
 .text.HAL_I2CEx_ConfigAnalogFilter
                0x08004604       0x96 ./Drivers/STM32L4xx_HAL_Driver/Src/stm32l4xx_hal_i2c_ex.o
                0x08004604                HAL_I2CEx_ConfigAnalogFilter
 .text.HAL_I2CEx_ConfigDigitalFilter
                0x0800469a       0x98 ./Drivers/STM32L4xx_HAL_Driver/Src/stm32l4xx_hal_i2c_ex.o
                0x0800469a                HAL_I2CEx_ConfigDigitalFilter
 *fill*         0x08004732        0x2 
 .text.HAL_OSPI_Init
                0x08004734      0x154 ./Drivers/STM32L4xx_HAL_Driver/Src/stm32l4xx_hal_ospi.o
                0x08004734                HAL_OSPI_Init
 .text.HAL_OSPI_DeInit
                0x08004888       0x4e ./Drivers/STM32L4xx_HAL_Driver/Src/stm32l4xx_hal_ospi.o
                0x08004888                HAL_OSPI_DeInit
 .text.HAL_OSPI_Command
                0x080048d6      0x102 ./Drivers/STM32L4xx_HAL_Driver/Src/stm32l4xx_hal_ospi.o
                0x080048d6                HAL_OSPI_Command
 .text.HAL_OSPI_Transmit
                0x080049d8       0xe6 ./Drivers/STM32L4xx_HAL_Driver/Src/stm32l4xx_hal_ospi.o
                0x080049d8                HAL_OSPI_Transmit
 .text.HAL_OSPI_Receive
                0x08004abe      0x146 ./Drivers/STM32L4xx_HAL_Driver/Src/stm32l4xx_hal_ospi.o
                0x08004abe                HAL_OSPI_Receive
 .text.HAL_OSPI_AutoPolling
                0x08004c04      0x10e ./Drivers/STM32L4xx_HAL_Driver/Src/stm32l4xx_hal_ospi.o
                0x08004c04                HAL_OSPI_AutoPolling
 .text.HAL_OSPI_SetTimeout
                0x08004d12       0x1e ./Drivers/STM32L4xx_HAL_Driver/Src/stm32l4xx_hal_ospi.o
                0x08004d12                HAL_OSPI_SetTimeout
 .text.HAL_OSPIM_Config
                0x08004d30      0x670 ./Drivers/STM32L4xx_HAL_Driver/Src/stm32l4xx_hal_ospi.o
                0x08004d30                HAL_OSPIM_Config
 .text.OSPI_WaitFlagStateUntilTimeout
                0x080053a0       0x6e ./Drivers/STM32L4xx_HAL_Driver/Src/stm32l4xx_hal_ospi.o
 *fill*         0x0800540e        0x2 
 .text.OSPI_ConfigCmd
                0x08005410      0x2c4 ./Drivers/STM32L4xx_HAL_Driver/Src/stm32l4xx_hal_ospi.o
 .text.OSPIM_GetConfig
                0x080056d4      0x160 ./Drivers/STM32L4xx_HAL_Driver/Src/stm32l4xx_hal_ospi.o
 .text.HAL_PWREx_GetVoltageRange
                0x08005834       0x40 ./Drivers/STM32L4xx_HAL_Driver/Src/stm32l4xx_hal_pwr_ex.o
                0x08005834                HAL_PWREx_GetVoltageRange
 .text.HAL_PWREx_ControlVoltageScaling
                0x08005874      0x148 ./Drivers/STM32L4xx_HAL_Driver/Src/stm32l4xx_hal_pwr_ex.o
                0x08005874                HAL_PWREx_ControlVoltageScaling
 .text.HAL_RCC_OscConfig
                0x080059bc      0x834 ./Drivers/STM32L4xx_HAL_Driver/Src/stm32l4xx_hal_rcc.o
                0x080059bc                HAL_RCC_OscConfig
 .text.HAL_RCC_ClockConfig
                0x080061f0      0x274 ./Drivers/STM32L4xx_HAL_Driver/Src/stm32l4xx_hal_rcc.o
                0x080061f0                HAL_RCC_ClockConfig
 .text.HAL_RCC_GetSysClockFreq
                0x08006464      0x118 ./Drivers/STM32L4xx_HAL_Driver/Src/stm32l4xx_hal_rcc.o
                0x08006464                HAL_RCC_GetSysClockFreq
 .text.HAL_RCC_GetHCLKFreq
                0x0800657c       0x18 ./Drivers/STM32L4xx_HAL_Driver/Src/stm32l4xx_hal_rcc.o
                0x0800657c                HAL_RCC_GetHCLKFreq
 .text.HAL_RCC_GetPCLK1Freq
                0x08006594       0x2c ./Drivers/STM32L4xx_HAL_Driver/Src/stm32l4xx_hal_rcc.o
                0x08006594                HAL_RCC_GetPCLK1Freq
 .text.HAL_RCC_GetPCLK2Freq
                0x080065c0       0x2c ./Drivers/STM32L4xx_HAL_Driver/Src/stm32l4xx_hal_rcc.o
                0x080065c0                HAL_RCC_GetPCLK2Freq
 .text.HAL_RCC_GetClockConfig
                0x080065ec       0x64 ./Drivers/STM32L4xx_HAL_Driver/Src/stm32l4xx_hal_rcc.o
                0x080065ec                HAL_RCC_GetClockConfig
 .text.RCC_SetFlashLatencyFromMSIRange
                0x08006650       0xb4 ./Drivers/STM32L4xx_HAL_Driver/Src/stm32l4xx_hal_rcc.o
 .text.RCC_GetSysClockFreqFromPLLSource
                0x08006704       0xcc ./Drivers/STM32L4xx_HAL_Driver/Src/stm32l4xx_hal_rcc.o
 .text.HAL_RCCEx_PeriphCLKConfig
                0x080067d0      0x660 ./Drivers/STM32L4xx_HAL_Driver/Src/stm32l4xx_hal_rcc_ex.o
                0x080067d0                HAL_RCCEx_PeriphCLKConfig
 .text.RCCEx_PLLSAI1_Config
                0x08006e30      0x1e8 ./Drivers/STM32L4xx_HAL_Driver/Src/stm32l4xx_hal_rcc_ex.o
 .text.RCCEx_PLLSAI2_Config
                0x08007018      0x1e8 ./Drivers/STM32L4xx_HAL_Driver/Src/stm32l4xx_hal_rcc_ex.o
 .text.HAL_TIM_Base_Init
                0x08007200       0xae ./Drivers/STM32L4xx_HAL_Driver/Src/stm32l4xx_hal_tim.o
                0x08007200                HAL_TIM_Base_Init
 .text.HAL_TIM_Base_MspInit
                0x080072ae       0x14 ./Drivers/STM32L4xx_HAL_Driver/Src/stm32l4xx_hal_tim.o
                0x080072ae                HAL_TIM_Base_MspInit
 *fill*         0x080072c2        0x2 
 .text.HAL_TIM_Base_Start_IT
                0x080072c4       0xe0 ./Drivers/STM32L4xx_HAL_Driver/Src/stm32l4xx_hal_tim.o
                0x080072c4                HAL_TIM_Base_Start_IT
 .text.HAL_TIM_IRQHandler
                0x080073a4      0x20e ./Drivers/STM32L4xx_HAL_Driver/Src/stm32l4xx_hal_tim.o
                0x080073a4                HAL_TIM_IRQHandler
 .text.HAL_TIM_OC_DelayElapsedCallback
                0x080075b2       0x14 ./Drivers/STM32L4xx_HAL_Driver/Src/stm32l4xx_hal_tim.o
                0x080075b2                HAL_TIM_OC_DelayElapsedCallback
 .text.HAL_TIM_IC_CaptureCallback
                0x080075c6       0x14 ./Drivers/STM32L4xx_HAL_Driver/Src/stm32l4xx_hal_tim.o
                0x080075c6                HAL_TIM_IC_CaptureCallback
 .text.HAL_TIM_PWM_PulseFinishedCallback
                0x080075da       0x14 ./Drivers/STM32L4xx_HAL_Driver/Src/stm32l4xx_hal_tim.o
                0x080075da                HAL_TIM_PWM_PulseFinishedCallback
 .text.HAL_TIM_TriggerCallback
                0x080075ee       0x14 ./Drivers/STM32L4xx_HAL_Driver/Src/stm32l4xx_hal_tim.o
                0x080075ee                HAL_TIM_TriggerCallback
 *fill*         0x08007602        0x2 
 .text.TIM_Base_SetConfig
                0x08007604      0x140 ./Drivers/STM32L4xx_HAL_Driver/Src/stm32l4xx_hal_tim.o
                0x08007604                TIM_Base_SetConfig
 .text.HAL_TIMEx_CommutCallback
                0x08007744       0x14 ./Drivers/STM32L4xx_HAL_Driver/Src/stm32l4xx_hal_tim_ex.o
                0x08007744                HAL_TIMEx_CommutCallback
 .text.HAL_TIMEx_BreakCallback
                0x08007758       0x14 ./Drivers/STM32L4xx_HAL_Driver/Src/stm32l4xx_hal_tim_ex.o
                0x08007758                HAL_TIMEx_BreakCallback
 .text.HAL_TIMEx_Break2Callback
                0x0800776c       0x14 ./Drivers/STM32L4xx_HAL_Driver/Src/stm32l4xx_hal_tim_ex.o
                0x0800776c                HAL_TIMEx_Break2Callback
 .text.HAL_UART_Init
                0x08007780       0xa0 ./Drivers/STM32L4xx_HAL_Driver/Src/stm32l4xx_hal_uart.o
                0x08007780                HAL_UART_Init
 .text.HAL_UART_Transmit
                0x08007820      0x132 ./Drivers/STM32L4xx_HAL_Driver/Src/stm32l4xx_hal_uart.o
                0x08007820                HAL_UART_Transmit
 *fill*         0x08007952        0x2 
 .text.UART_SetConfig
                0x08007954      0x5f8 ./Drivers/STM32L4xx_HAL_Driver/Src/stm32l4xx_hal_uart.o
                0x08007954                UART_SetConfig
 .text.UART_AdvFeatureConfig
                0x08007f4c      0x144 ./Drivers/STM32L4xx_HAL_Driver/Src/stm32l4xx_hal_uart.o
                0x08007f4c                UART_AdvFeatureConfig
 .text.UART_CheckIdleState
                0x08008090      0x154 ./Drivers/STM32L4xx_HAL_Driver/Src/stm32l4xx_hal_uart.o
                0x08008090                UART_CheckIdleState
 .text.UART_WaitOnFlagUntilTimeout
                0x080081e4       0xda ./Drivers/STM32L4xx_HAL_Driver/Src/stm32l4xx_hal_uart.o
                0x080081e4                UART_WaitOnFlagUntilTimeout
 .text.UART_EndRxTransfer
                0x080082be       0xcc ./Drivers/STM32L4xx_HAL_Driver/Src/stm32l4xx_hal_uart.o
 .text.HAL_UARTEx_DisableFifoMode
                0x0800838a       0x72 ./Drivers/STM32L4xx_HAL_Driver/Src/stm32l4xx_hal_uart_ex.o
                0x0800838a                HAL_UARTEx_DisableFifoMode
 .text.HAL_UARTEx_SetTxFifoThreshold
                0x080083fc       0x7c ./Drivers/STM32L4xx_HAL_Driver/Src/stm32l4xx_hal_uart_ex.o
                0x080083fc                HAL_UARTEx_SetTxFifoThreshold
 .text.HAL_UARTEx_SetRxFifoThreshold
                0x08008478       0x7c ./Drivers/STM32L4xx_HAL_Driver/Src/stm32l4xx_hal_uart_ex.o
                0x08008478                HAL_UARTEx_SetRxFifoThreshold
 .text.UARTEx_SetNbDataToProcess
                0x080084f4       0x9c ./Drivers/STM32L4xx_HAL_Driver/Src/stm32l4xx_hal_uart_ex.o
 .text.makeFreeRtosPriority
                0x08008590       0x30 ./Middlewares/Third_Party/FreeRTOS/Source/CMSIS_RTOS/cmsis_os.o
 .text.osKernelStart
                0x080085c0        0xe ./Middlewares/Third_Party/FreeRTOS/Source/CMSIS_RTOS/cmsis_os.o
                0x080085c0                osKernelStart
 .text.osThreadCreate
                0x080085ce       0x98 ./Middlewares/Third_Party/FreeRTOS/Source/CMSIS_RTOS/cmsis_os.o
                0x080085ce                osThreadCreate
 .text.osDelay  0x08008666       0x28 ./Middlewares/Third_Party/FreeRTOS/Source/CMSIS_RTOS/cmsis_os.o
                0x08008666                osDelay
 .text.vListInitialise
                0x0800868e       0x40 ./Middlewares/Third_Party/FreeRTOS/Source/list.o
                0x0800868e                vListInitialise
 .text.vListInitialiseItem
                0x080086ce       0x1a ./Middlewares/Third_Party/FreeRTOS/Source/list.o
                0x080086ce                vListInitialiseItem
 .text.vListInsertEnd
                0x080086e8       0x48 ./Middlewares/Third_Party/FreeRTOS/Source/list.o
                0x080086e8                vListInsertEnd
 .text.vListInsert
                0x08008730       0x72 ./Middlewares/Third_Party/FreeRTOS/Source/list.o
                0x08008730                vListInsert
 .text.uxListRemove
                0x080087a2       0x54 ./Middlewares/Third_Party/FreeRTOS/Source/list.o
                0x080087a2                uxListRemove
 .text.xTaskCreateStatic
                0x080087f6       0xc0 ./Middlewares/Third_Party/FreeRTOS/Source/tasks.o
                0x080087f6                xTaskCreateStatic
 .text.xTaskCreate
                0x080088b6       0x8a ./Middlewares/Third_Party/FreeRTOS/Source/tasks.o
                0x080088b6                xTaskCreate
 .text.prvInitialiseNewTask
                0x08008940      0x110 ./Middlewares/Third_Party/FreeRTOS/Source/tasks.o
 .text.prvAddNewTaskToReadyList
                0x08008a50       0xd4 ./Middlewares/Third_Party/FreeRTOS/Source/tasks.o
 .text.vTaskDelay
                0x08008b24       0x6c ./Middlewares/Third_Party/FreeRTOS/Source/tasks.o
                0x08008b24                vTaskDelay
 .text.vTaskStartScheduler
                0x08008b90       0xc4 ./Middlewares/Third_Party/FreeRTOS/Source/tasks.o
                0x08008b90                vTaskStartScheduler
 .text.vTaskSuspendAll
                0x08008c54       0x1c ./Middlewares/Third_Party/FreeRTOS/Source/tasks.o
                0x08008c54                vTaskSuspendAll
 .text.xTaskResumeAll
                0x08008c70      0x13c ./Middlewares/Third_Party/FreeRTOS/Source/tasks.o
                0x08008c70                xTaskResumeAll
 .text.xTaskIncrementTick
                0x08008dac      0x174 ./Middlewares/Third_Party/FreeRTOS/Source/tasks.o
                0x08008dac                xTaskIncrementTick
 .text.vTaskSwitchContext
                0x08008f20       0xb8 ./Middlewares/Third_Party/FreeRTOS/Source/tasks.o
                0x08008f20                vTaskSwitchContext
 .text.prvIdleTask
                0x08008fd8       0x30 ./Middlewares/Third_Party/FreeRTOS/Source/tasks.o
 .text.prvInitialiseTaskLists
                0x08009008       0x80 ./Middlewares/Third_Party/FreeRTOS/Source/tasks.o
 .text.prvCheckTasksWaitingTermination
                0x08009088       0x5c ./Middlewares/Third_Party/FreeRTOS/Source/tasks.o
 .text.prvDeleteTCB
                0x080090e4       0x60 ./Middlewares/Third_Party/FreeRTOS/Source/tasks.o
 .text.prvResetNextTaskUnblockTime
                0x08009144       0x40 ./Middlewares/Third_Party/FreeRTOS/Source/tasks.o
 .text.prvAddCurrentTaskToDelayedList
                0x08009184       0xcc ./Middlewares/Third_Party/FreeRTOS/Source/tasks.o
 .text.pxPortInitialiseStack
                0x08009250       0x68 ./Middlewares/Third_Party/FreeRTOS/Source/portable/GCC/ARM_CM4F/port.o
                0x08009250                pxPortInitialiseStack
 .text.prvTaskExitError
                0x080092b8       0x5c ./Middlewares/Third_Party/FreeRTOS/Source/portable/GCC/ARM_CM4F/port.o
 *fill*         0x08009314        0xc 
 .text.SVC_Handler
                0x08009320       0x28 ./Middlewares/Third_Party/FreeRTOS/Source/portable/GCC/ARM_CM4F/port.o
                0x08009320                SVC_Handler
 .text.prvPortStartFirstTask
                0x08009348       0x28 ./Middlewares/Third_Party/FreeRTOS/Source/portable/GCC/ARM_CM4F/port.o
 .text.xPortStartScheduler
                0x08009370      0x148 ./Middlewares/Third_Party/FreeRTOS/Source/portable/GCC/ARM_CM4F/port.o
                0x08009370                xPortStartScheduler
 .text.vPortEnterCritical
                0x080094b8       0x64 ./Middlewares/Third_Party/FreeRTOS/Source/portable/GCC/ARM_CM4F/port.o
                0x080094b8                vPortEnterCritical
 .text.vPortExitCritical
                0x0800951c       0x54 ./Middlewares/Third_Party/FreeRTOS/Source/portable/GCC/ARM_CM4F/port.o
                0x0800951c                vPortExitCritical
 .text.PendSV_Handler
                0x08009570       0x68 ./Middlewares/Third_Party/FreeRTOS/Source/portable/GCC/ARM_CM4F/port.o
                0x08009570                PendSV_Handler
 .text.SysTick_Handler
                0x080095d8       0x44 ./Middlewares/Third_Party/FreeRTOS/Source/portable/GCC/ARM_CM4F/port.o
                0x080095d8                SysTick_Handler
 .text.vPortSetupTimerInterrupt
                0x0800961c       0x48 ./Middlewares/Third_Party/FreeRTOS/Source/portable/GCC/ARM_CM4F/port.o
                0x0800961c                vPortSetupTimerInterrupt
 .text.vPortEnableVFP
                0x08009664       0x14 ./Middlewares/Third_Party/FreeRTOS/Source/portable/GCC/ARM_CM4F/port.o
 .text.pvPortMalloc
                0x08009678      0x19c ./Middlewares/Third_Party/FreeRTOS/Source/portable/MemMang/heap_4.o
                0x08009678                pvPortMalloc
 .text.vPortFree
                0x08009814       0xc8 ./Middlewares/Third_Party/FreeRTOS/Source/portable/MemMang/heap_4.o
                0x08009814                vPortFree
 .text.prvHeapInit
                0x080098dc       0xc4 ./Middlewares/Third_Party/FreeRTOS/Source/portable/MemMang/heap_4.o
 .text.prvInsertBlockIntoFreeList
                0x080099a0       0xb4 ./Middlewares/Third_Party/FreeRTOS/Source/portable/MemMang/heap_4.o
 .text.snprintf
                0x08009a54       0x6c C:/ST/STM32CubeIDE_1.19.0/STM32CubeIDE/plugins/com.st.stm32cube.ide.mcu.externaltools.gnu-tools-for-stm32.13.3.rel1.win32_1.0.0.202411081344/tools/bin/../lib/gcc/arm-none-eabi/13.3.1/../../../../arm-none-eabi/lib/thumb/v7e-m+fp/hard\libc_nano.a(libc_a-snprintf.o)
                0x08009a54                sniprintf
                0x08009a54                snprintf
 .text.memcmp   0x08009ac0       0x20 C:/ST/STM32CubeIDE_1.19.0/STM32CubeIDE/plugins/com.st.stm32cube.ide.mcu.externaltools.gnu-tools-for-stm32.13.3.rel1.win32_1.0.0.202411081344/tools/bin/../lib/gcc/arm-none-eabi/13.3.1/../../../../arm-none-eabi/lib/thumb/v7e-m+fp/hard\libc_nano.a(libc_a-memcmp.o)
                0x08009ac0                memcmp
 .text.memset   0x08009ae0       0x10 C:/ST/STM32CubeIDE_1.19.0/STM32CubeIDE/plugins/com.st.stm32cube.ide.mcu.externaltools.gnu-tools-for-stm32.13.3.rel1.win32_1.0.0.202411081344/tools/bin/../lib/gcc/arm-none-eabi/13.3.1/../../../../arm-none-eabi/lib/thumb/v7e-m+fp/hard\libc_nano.a(libc_a-memset.o)
                0x08009ae0                memset
 .text.__errno  0x08009af0        0xc C:/ST/STM32CubeIDE_1.19.0/STM32CubeIDE/plugins/com.st.stm32cube.ide.mcu.externaltools.gnu-tools-for-stm32.13.3.rel1.win32_1.0.0.202411081344/tools/bin/../lib/gcc/arm-none-eabi/13.3.1/../../../../arm-none-eabi/lib/thumb/v7e-m+fp/hard\libc_nano.a(libc_a-errno.o)
                0x08009af0                __errno
 .text.__libc_init_array
                0x08009afc       0x48 C:/ST/STM32CubeIDE_1.19.0/STM32CubeIDE/plugins/com.st.stm32cube.ide.mcu.externaltools.gnu-tools-for-stm32.13.3.rel1.win32_1.0.0.202411081344/tools/bin/../lib/gcc/arm-none-eabi/13.3.1/../../../../arm-none-eabi/lib/thumb/v7e-m+fp/hard\libc_nano.a(libc_a-init.o)
                0x08009afc                __libc_init_array
 .text.__retarget_lock_acquire_recursive
                0x08009b44        0x2 C:/ST/STM32CubeIDE_1.19.0/STM32CubeIDE/plugins/com.st.stm32cube.ide.mcu.externaltools.gnu-tools-for-stm32.13.3.rel1.win32_1.0.0.202411081344/tools/bin/../lib/gcc/arm-none-eabi/13.3.1/../../../../arm-none-eabi/lib/thumb/v7e-m+fp/hard\libc_nano.a(libc_a-lock.o)
                0x08009b44                __retarget_lock_acquire_recursive
 .text.__retarget_lock_release_recursive
                0x08009b46        0x2 C:/ST/STM32CubeIDE_1.19.0/STM32CubeIDE/plugins/com.st.stm32cube.ide.mcu.externaltools.gnu-tools-for-stm32.13.3.rel1.win32_1.0.0.202411081344/tools/bin/../lib/gcc/arm-none-eabi/13.3.1/../../../../arm-none-eabi/lib/thumb/v7e-m+fp/hard\libc_nano.a(libc_a-lock.o)
                0x08009b46                __retarget_lock_release_recursive
 .text.memcpy   0x08009b48       0x1c C:/ST/STM32CubeIDE_1.19.0/STM32CubeIDE/plugins/com.st.stm32cube.ide.mcu.externaltools.gnu-tools-for-stm32.13.3.rel1.win32_1.0.0.202411081344/tools/bin/../lib/gcc/arm-none-eabi/13.3.1/../../../../arm-none-eabi/lib/thumb/v7e-m+fp/hard\libc_nano.a(libc_a-memcpy-stub.o)
                0x08009b48                memcpy
 .text._free_r  0x08009b64       0x94 C:/ST/STM32CubeIDE_1.19.0/STM32CubeIDE/plugins/com.st.stm32cube.ide.mcu.externaltools.gnu-tools-for-stm32.13.3.rel1.win32_1.0.0.202411081344/tools/bin/../lib/gcc/arm-none-eabi/13.3.1/../../../../arm-none-eabi/lib/thumb/v7e-m+fp/hard\libc_nano.a(libc_a-freer.o)
                0x08009b64                _free_r
 .text.sbrk_aligned
                0x08009bf8       0x44 C:/ST/STM32CubeIDE_1.19.0/STM32CubeIDE/plugins/com.st.stm32cube.ide.mcu.externaltools.gnu-tools-for-stm32.13.3.rel1.win32_1.0.0.202411081344/tools/bin/../lib/gcc/arm-none-eabi/13.3.1/../../../../arm-none-eabi/lib/thumb/v7e-m+fp/hard\libc_nano.a(libc_a-mallocr.o)
 .text._malloc_r
                0x08009c3c      0x100 C:/ST/STM32CubeIDE_1.19.0/STM32CubeIDE/plugins/com.st.stm32cube.ide.mcu.externaltools.gnu-tools-for-stm32.13.3.rel1.win32_1.0.0.202411081344/tools/bin/../lib/gcc/arm-none-eabi/13.3.1/../../../../arm-none-eabi/lib/thumb/v7e-m+fp/hard\libc_nano.a(libc_a-mallocr.o)
                0x08009c3c                _malloc_r
 .text.__malloc_lock
                0x08009d3c        0xc C:/ST/STM32CubeIDE_1.19.0/STM32CubeIDE/plugins/com.st.stm32cube.ide.mcu.externaltools.gnu-tools-for-stm32.13.3.rel1.win32_1.0.0.202411081344/tools/bin/../lib/gcc/arm-none-eabi/13.3.1/../../../../arm-none-eabi/lib/thumb/v7e-m+fp/hard\libc_nano.a(libc_a-mlock.o)
                0x08009d3c                __malloc_lock
 .text.__malloc_unlock
                0x08009d48        0xc C:/ST/STM32CubeIDE_1.19.0/STM32CubeIDE/plugins/com.st.stm32cube.ide.mcu.externaltools.gnu-tools-for-stm32.13.3.rel1.win32_1.0.0.202411081344/tools/bin/../lib/gcc/arm-none-eabi/13.3.1/../../../../arm-none-eabi/lib/thumb/v7e-m+fp/hard\libc_nano.a(libc_a-mlock.o)
                0x08009d48                __malloc_unlock
 .text.__ssputs_r
                0x08009d54       0xb6 C:/ST/STM32CubeIDE_1.19.0/STM32CubeIDE/plugins/com.st.stm32cube.ide.mcu.externaltools.gnu-tools-for-stm32.13.3.rel1.win32_1.0.0.202411081344/tools/bin/../lib/gcc/arm-none-eabi/13.3.1/../../../../arm-none-eabi/lib/thumb/v7e-m+fp/hard\libc_nano.a(libc_a-nano-svfprintf.o)
                0x08009d54                __ssputs_r
 *fill*         0x08009e0a        0x2 
 .text._svfprintf_r
                0x08009e0c      0x1f8 C:/ST/STM32CubeIDE_1.19.0/STM32CubeIDE/plugins/com.st.stm32cube.ide.mcu.externaltools.gnu-tools-for-stm32.13.3.rel1.win32_1.0.0.202411081344/tools/bin/../lib/gcc/arm-none-eabi/13.3.1/../../../../arm-none-eabi/lib/thumb/v7e-m+fp/hard\libc_nano.a(libc_a-nano-svfprintf.o)
                0x08009e0c                _svfiprintf_r
                0x08009e0c                _svfprintf_r
 .text._printf_common
                0x0800a004       0xda C:/ST/STM32CubeIDE_1.19.0/STM32CubeIDE/plugins/com.st.stm32cube.ide.mcu.externaltools.gnu-tools-for-stm32.13.3.rel1.win32_1.0.0.202411081344/tools/bin/../lib/gcc/arm-none-eabi/13.3.1/../../../../arm-none-eabi/lib/thumb/v7e-m+fp/hard\libc_nano.a(libc_a-nano-vfprintf_i.o)
                0x0800a004                _printf_common
 *fill*         0x0800a0de        0x2 
 .text._printf_i
                0x0800a0e0      0x23c C:/ST/STM32CubeIDE_1.19.0/STM32CubeIDE/plugins/com.st.stm32cube.ide.mcu.externaltools.gnu-tools-for-stm32.13.3.rel1.win32_1.0.0.202411081344/tools/bin/../lib/gcc/arm-none-eabi/13.3.1/../../../../arm-none-eabi/lib/thumb/v7e-m+fp/hard\libc_nano.a(libc_a-nano-vfprintf_i.o)
                0x0800a0e0                _printf_i
 .text.memmove  0x0800a31c       0x34 C:/ST/STM32CubeIDE_1.19.0/STM32CubeIDE/plugins/com.st.stm32cube.ide.mcu.externaltools.gnu-tools-for-stm32.13.3.rel1.win32_1.0.0.202411081344/tools/bin/../lib/gcc/arm-none-eabi/13.3.1/../../../../arm-none-eabi/lib/thumb/v7e-m+fp/hard\libc_nano.a(libc_a-memmove.o)
                0x0800a31c                memmove
 .text._sbrk_r  0x0800a350       0x20 C:/ST/STM32CubeIDE_1.19.0/STM32CubeIDE/plugins/com.st.stm32cube.ide.mcu.externaltools.gnu-tools-for-stm32.13.3.rel1.win32_1.0.0.202411081344/tools/bin/../lib/gcc/arm-none-eabi/13.3.1/../../../../arm-none-eabi/lib/thumb/v7e-m+fp/hard\libc_nano.a(libc_a-sbrkr.o)
                0x0800a350                _sbrk_r
 .text._realloc_r
                0x0800a370       0x5c C:/ST/STM32CubeIDE_1.19.0/STM32CubeIDE/plugins/com.st.stm32cube.ide.mcu.externaltools.gnu-tools-for-stm32.13.3.rel1.win32_1.0.0.202411081344/tools/bin/../lib/gcc/arm-none-eabi/13.3.1/../../../../arm-none-eabi/lib/thumb/v7e-m+fp/hard\libc_nano.a(libc_a-reallocr.o)
                0x0800a370                _realloc_r
 .text._malloc_usable_size_r
                0x0800a3cc       0x10 C:/ST/STM32CubeIDE_1.19.0/STM32CubeIDE/plugins/com.st.stm32cube.ide.mcu.externaltools.gnu-tools-for-stm32.13.3.rel1.win32_1.0.0.202411081344/tools/bin/../lib/gcc/arm-none-eabi/13.3.1/../../../../arm-none-eabi/lib/thumb/v7e-m+fp/hard\libc_nano.a(libc_a-msizer.o)
                0x0800a3cc                _malloc_usable_size_r
 *(.glue_7)
 .glue_7        0x0800a3dc        0x0 linker stubs
 *(.glue_7t)
 .glue_7t       0x0800a3dc        0x0 linker stubs
 *(.eh_frame)
 .eh_frame      0x0800a3dc        0x0 C:/ST/STM32CubeIDE_1.19.0/STM32CubeIDE/plugins/com.st.stm32cube.ide.mcu.externaltools.gnu-tools-for-stm32.13.3.rel1.win32_1.0.0.202411081344/tools/bin/../lib/gcc/arm-none-eabi/13.3.1/thumb/v7e-m+fp/hard/crtbegin.o
 *(.init)
 .init          0x0800a3dc        0x4 C:/ST/STM32CubeIDE_1.19.0/STM32CubeIDE/plugins/com.st.stm32cube.ide.mcu.externaltools.gnu-tools-for-stm32.13.3.rel1.win32_1.0.0.202411081344/tools/bin/../lib/gcc/arm-none-eabi/13.3.1/thumb/v7e-m+fp/hard/crti.o
                0x0800a3dc                _init
 .init          0x0800a3e0        0x8 C:/ST/STM32CubeIDE_1.19.0/STM32CubeIDE/plugins/com.st.stm32cube.ide.mcu.externaltools.gnu-tools-for-stm32.13.3.rel1.win32_1.0.0.202411081344/tools/bin/../lib/gcc/arm-none-eabi/13.3.1/thumb/v7e-m+fp/hard/crtn.o
 *(.fini)
 .fini          0x0800a3e8        0x4 C:/ST/STM32CubeIDE_1.19.0/STM32CubeIDE/plugins/com.st.stm32cube.ide.mcu.externaltools.gnu-tools-for-stm32.13.3.rel1.win32_1.0.0.202411081344/tools/bin/../lib/gcc/arm-none-eabi/13.3.1/thumb/v7e-m+fp/hard/crti.o
                0x0800a3e8                _fini
 .fini          0x0800a3ec        0x8 C:/ST/STM32CubeIDE_1.19.0/STM32CubeIDE/plugins/com.st.stm32cube.ide.mcu.externaltools.gnu-tools-for-stm32.13.3.rel1.win32_1.0.0.202411081344/tools/bin/../lib/gcc/arm-none-eabi/13.3.1/thumb/v7e-m+fp/hard/crtn.o
                0x0800a3f4                        . = ALIGN (0x4)
                0x0800a3f4                        _etext = .

.vfp11_veneer   0x0800a3f4        0x0
 .vfp11_veneer  0x0800a3f4        0x0 linker stubs

.v4_bx          0x0800a3f4        0x0
 .v4_bx         0x0800a3f4        0x0 linker stubs

.iplt           0x0800a3f4        0x0
 .iplt          0x0800a3f4        0x0 C:/ST/STM32CubeIDE_1.19.0/STM32CubeIDE/plugins/com.st.stm32cube.ide.mcu.externaltools.gnu-tools-for-stm32.13.3.rel1.win32_1.0.0.202411081344/tools/bin/../lib/gcc/arm-none-eabi/13.3.1/thumb/v7e-m+fp/hard/crtbegin.o

.rodata         0x0800a3f4      0x490
                0x0800a3f4                        . = ALIGN (0x4)
 *(.rodata)
 .rodata        0x0800a3f4      0x19b ./Core/Src/freertos.o
 *fill*         0x0800a58f        0x1 
 .rodata        0x0800a590      0x247 ./Core/Src/main.o
 *fill*         0x0800a7d7        0x1 
 .rodata        0x0800a7d8        0x5 ./Middlewares/Third_Party/FreeRTOS/Source/tasks.o
 *(.rodata*)
 *fill*         0x0800a7dd        0x3 
 .rodata.AHBPrescTable
                0x0800a7e0       0x10 ./Core/Src/system_stm32l4xx.o
                0x0800a7e0                AHBPrescTable
 .rodata.APBPrescTable
                0x0800a7f0        0x8 ./Core/Src/system_stm32l4xx.o
                0x0800a7f0                APBPrescTable
 .rodata.MSIRangeTable
                0x0800a7f8       0x30 ./Core/Src/system_stm32l4xx.o
                0x0800a7f8                MSIRangeTable
 .rodata.UARTPrescTable
                0x0800a828       0x18 ./Drivers/STM32L4xx_HAL_Driver/Src/stm32l4xx_hal_uart.o
                0x0800a828                UARTPrescTable
 .rodata.numerator.1
                0x0800a840        0x8 ./Drivers/STM32L4xx_HAL_Driver/Src/stm32l4xx_hal_uart_ex.o
 .rodata.denominator.0
                0x0800a848        0x8 ./Drivers/STM32L4xx_HAL_Driver/Src/stm32l4xx_hal_uart_ex.o
 .rodata._svfprintf_r.str1.1
                0x0800a850       0x33 C:/ST/STM32CubeIDE_1.19.0/STM32CubeIDE/plugins/com.st.stm32cube.ide.mcu.externaltools.gnu-tools-for-stm32.13.3.rel1.win32_1.0.0.202411081344/tools/bin/../lib/gcc/arm-none-eabi/13.3.1/../../../../arm-none-eabi/lib/thumb/v7e-m+fp/hard\libc_nano.a(libc_a-nano-svfprintf.o)
                                 0x11 (size before relaxing)
 .rodata._printf_i.str1.1
                0x0800a883       0x22 C:/ST/STM32CubeIDE_1.19.0/STM32CubeIDE/plugins/com.st.stm32cube.ide.mcu.externaltools.gnu-tools-for-stm32.13.3.rel1.win32_1.0.0.202411081344/tools/bin/../lib/gcc/arm-none-eabi/13.3.1/../../../../arm-none-eabi/lib/thumb/v7e-m+fp/hard\libc_nano.a(libc_a-nano-vfprintf_i.o)
                0x0800a8a8                        . = ALIGN (0x4)
 *fill*         0x0800a883        0x1 

.ARM.extab      0x0800a884        0x0
                0x0800a884                        . = ALIGN (0x4)
 *(.ARM.extab* .gnu.linkonce.armextab.*)
                0x0800a884                        . = ALIGN (0x4)

.ARM            0x0800a884        0x8
                0x0800a884                        . = ALIGN (0x4)
                0x0800a884                        __exidx_start = .
 *(.ARM.exidx*)
 .ARM.exidx     0x0800a884        0x8 C:/ST/STM32CubeIDE_1.19.0/STM32CubeIDE/plugins/com.st.stm32cube.ide.mcu.externaltools.gnu-tools-for-stm32.13.3.rel1.win32_1.0.0.202411081344/tools/bin/../lib/gcc/arm-none-eabi/13.3.1/../../../../arm-none-eabi/lib/thumb/v7e-m+fp/hard\libc_nano.a(libc_a-strlen.o)
 .ARM.exidx     0x0800a88c        0x0 C:/ST/STM32CubeIDE_1.19.0/STM32CubeIDE/plugins/com.st.stm32cube.ide.mcu.externaltools.gnu-tools-for-stm32.13.3.rel1.win32_1.0.0.202411081344/tools/bin/../lib/gcc/arm-none-eabi/13.3.1/../../../../arm-none-eabi/lib/thumb/v7e-m+fp/hard\libc_nano.a(libc_a-memchr.o)
                                  0x8 (size before relaxing)
 .ARM.exidx     0x0800a88c        0x0 C:/ST/STM32CubeIDE_1.19.0/STM32CubeIDE/plugins/com.st.stm32cube.ide.mcu.externaltools.gnu-tools-for-stm32.13.3.rel1.win32_1.0.0.202411081344/tools/bin/../lib/gcc/arm-none-eabi/13.3.1/thumb/v7e-m+fp/hard\libgcc.a(_udivmoddi4.o)
                                  0x8 (size before relaxing)
                0x0800a88c                        __exidx_end = .
                0x0800a88c                        . = ALIGN (0x4)

.preinit_array  0x0800a88c        0x0
                0x0800a88c                        . = ALIGN (0x4)
                0x0800a88c                        PROVIDE (__preinit_array_start = .)
 *(.preinit_array*)
                0x0800a88c                        PROVIDE (__preinit_array_end = .)
                0x0800a88c                        . = ALIGN (0x4)

.init_array     0x0800a88c        0x4
                0x0800a88c                        . = ALIGN (0x4)
                0x0800a88c                        PROVIDE (__init_array_start = .)
 *(SORT_BY_NAME(.init_array.*))
 *(.init_array*)
 .init_array    0x0800a88c        0x4 C:/ST/STM32CubeIDE_1.19.0/STM32CubeIDE/plugins/com.st.stm32cube.ide.mcu.externaltools.gnu-tools-for-stm32.13.3.rel1.win32_1.0.0.202411081344/tools/bin/../lib/gcc/arm-none-eabi/13.3.1/thumb/v7e-m+fp/hard/crtbegin.o
                0x0800a890                        PROVIDE (__init_array_end = .)
                0x0800a890                        . = ALIGN (0x4)

.fini_array     0x0800a890        0x4
                0x0800a890                        . = ALIGN (0x4)
                [!provide]                        PROVIDE (__fini_array_start = .)
 *(SORT_BY_NAME(.fini_array.*))
 *(.fini_array*)
 .fini_array    0x0800a890        0x4 C:/ST/STM32CubeIDE_1.19.0/STM32CubeIDE/plugins/com.st.stm32cube.ide.mcu.externaltools.gnu-tools-for-stm32.13.3.rel1.win32_1.0.0.202411081344/tools/bin/../lib/gcc/arm-none-eabi/13.3.1/thumb/v7e-m+fp/hard/crtbegin.o
                [!provide]                        PROVIDE (__fini_array_end = .)
                0x0800a894                        . = ALIGN (0x4)
                0x0800a894                        _sidata = LOADADDR (.data)

.rel.dyn        0x0800a894        0x0
 .rel.iplt      0x0800a894        0x0 C:/ST/STM32CubeIDE_1.19.0/STM32CubeIDE/plugins/com.st.stm32cube.ide.mcu.externaltools.gnu-tools-for-stm32.13.3.rel1.win32_1.0.0.202411081344/tools/bin/../lib/gcc/arm-none-eabi/13.3.1/thumb/v7e-m+fp/hard/crtbegin.o

.data           0x20000000       0xf0 load address 0x0800a894
                0x20000000                        . = ALIGN (0x4)
                0x20000000                        _sdata = .
 *(.data)
 *(.data*)
 .data.lastButtonState
                0x20000000        0x1 ./Core/Src/main.o
 *fill*         0x20000001        0x3 
 .data.s_flashWriteAddress
                0x20000004        0x4 ./Core/Src/main.o
 .data.s_flashErasedLimitAddress
                0x20000008        0x4 ./Core/Src/main.o
 .data.s_statsDirty
                0x2000000c        0x1 ./Core/Src/main.o
 *fill*         0x2000000d        0x3 
 .data.SystemCoreClock
                0x20000010        0x4 ./Core/Src/system_stm32l4xx.o
                0x20000010                SystemCoreClock
 .data.HTS221_H_Drv
                0x20000014        0xc ./Drivers/Components/hts221/hts221.o
                0x20000014                HTS221_H_Drv
 .data.Lis3mdlMagDrv
                0x20000020       0x34 ./Drivers/Components/lis3mdl/lis3mdl.o
                0x20000020                Lis3mdlMagDrv
 .data.LPS22HB_P_Drv
                0x20000054        0xc ./Drivers/Components/lps22hb/lps22hb.o
                0x20000054                LPS22HB_P_Drv
 .data.Lsm6dslAccDrv
                0x20000060       0x34 ./Drivers/Components/lsm6dsl/lsm6dsl.o
                0x20000060                Lsm6dslAccDrv
 .data.uwTickPrio
                0x20000094        0x4 ./Drivers/STM32L4xx_HAL_Driver/Src/stm32l4xx_hal.o
                0x20000094                uwTickPrio
 .data.uwTickFreq
                0x20000098        0x1 ./Drivers/STM32L4xx_HAL_Driver/Src/stm32l4xx_hal.o
                0x20000098                uwTickFreq
 *fill*         0x20000099        0x3 
 .data.uxCriticalNesting
                0x2000009c        0x4 ./Middlewares/Third_Party/FreeRTOS/Source/portable/GCC/ARM_CM4F/port.o
 .data._impure_ptr
                0x200000a0        0x4 C:/ST/STM32CubeIDE_1.19.0/STM32CubeIDE/plugins/com.st.stm32cube.ide.mcu.externaltools.gnu-tools-for-stm32.13.3.rel1.win32_1.0.0.202411081344/tools/bin/../lib/gcc/arm-none-eabi/13.3.1/../../../../arm-none-eabi/lib/thumb/v7e-m+fp/hard\libc_nano.a(libc_a-impure.o)
                0x200000a0                _impure_ptr
 .data._impure_data
                0x200000a4       0x4c C:/ST/STM32CubeIDE_1.19.0/STM32CubeIDE/plugins/com.st.stm32cube.ide.mcu.externaltools.gnu-tools-for-stm32.13.3.rel1.win32_1.0.0.202411081344/tools/bin/../lib/gcc/arm-none-eabi/13.3.1/../../../../arm-none-eabi/lib/thumb/v7e-m+fp/hard\libc_nano.a(libc_a-impure.o)
                0x200000a4                _impure_data
 *(.RamFunc)
 *(.RamFunc*)
                0x200000f0                        . = ALIGN (0x4)
                0x200000f0                        _edata = .

.igot.plt       0x200000f0        0x0 load address 0x0800a984
 .igot.plt      0x200000f0        0x0 C:/ST/STM32CubeIDE_1.19.0/STM32CubeIDE/plugins/com.st.stm32cube.ide.mcu.externaltools.gnu-tools-for-stm32.13.3.rel1.win32_1.0.0.202411081344/tools/bin/../lib/gcc/arm-none-eabi/13.3.1/thumb/v7e-m+fp/hard/crtbegin.o
                0x200000f0                        . = ALIGN (0x4)

.bss            0x200000f0     0x1658 load address 0x0800a984
                0x200000f0                        _sbss = .
                0x200000f0                        __bss_start__ = _sbss
 *(.bss)
 .bss           0x200000f0       0x1c C:/ST/STM32CubeIDE_1.19.0/STM32CubeIDE/plugins/com.st.stm32cube.ide.mcu.externaltools.gnu-tools-for-stm32.13.3.rel1.win32_1.0.0.202411081344/tools/bin/../lib/gcc/arm-none-eabi/13.3.1/thumb/v7e-m+fp/hard/crtbegin.o
 *(.bss*)
 .bss.g_sensorTaskLoops
                0x2000010c        0x4 ./Core/Src/freertos.o
 .bss.g_uartTaskLoops
                0x20000110        0x4 ./Core/Src/freertos.o
 .bss.g_buttonTaskLoops
                0x20000114        0x4 ./Core/Src/freertos.o
 .bss.sensorTaskHandle
                0x20000118        0x4 ./Core/Src/freertos.o
                0x20000118                sensorTaskHandle
 .bss.uartTaskHandle
                0x2000011c        0x4 ./Core/Src/freertos.o
                0x2000011c                uartTaskHandle
 .bss.buttonTaskHandle
                0x20000120        0x4 ./Core/Src/freertos.o
                0x20000120                buttonTaskHandle
 .bss.xIdleTaskTCBBuffer
                0x20000124       0x54 ./Core/Src/freertos.o
 .bss.xIdleStack
                0x20000178      0x200 ./Core/Src/freertos.o
 .bss.hi2c2     0x20000378       0x54 ./Core/Src/i2c.o
                0x20000378                hi2c2
 .bss.s_flashInfo
                0x200003cc       0x14 ./Core/Src/lab4_flash.o
 .bss.s_flashReady
                0x200003e0        0x1 ./Core/Src/lab4_flash.o
 *fill*         0x200003e1        0x3 
 .bss.uartBuf   0x200003e4      0x180 ./Core/Src/main.o
 .bss.displayMode
                0x20000564        0x1 ./Core/Src/main.o
 *fill*         0x20000565        0x3 
 .bss.humidity_pct
                0x20000568        0x4 ./Core/Src/main.o
 .bss.magXYZ    0x2000056c        0x6 ./Core/Src/main.o
 *fill*         0x20000572        0x2 
 .bss.accXYZ    0x20000574        0x6 ./Core/Src/main.o
 *fill*         0x2000057a        0x2 
 .bss.pressure_hPa
                0x2000057c        0x4 ./Core/Src/main.o
 .bss.s_logBuffer
                0x20000580       0xc0 ./Core/Src/main.o
 .bss.s_readChunk
                0x20000640       0x30 ./Core/Src/main.o
 .bss.s_logBufferCount
                0x20000670        0x4 ./Core/Src/main.o
 .bss.s_sampleSequence
                0x20000674        0x4 ./Core/Src/main.o
 .bss.s_totalLoggedRecords
                0x20000678        0x4 ./Core/Src/main.o
 .bss.s_flashLimitAddress
                0x2000067c        0x4 ./Core/Src/main.o
 .bss.s_loggingEnabled
                0x20000680        0x1 ./Core/Src/main.o
 *fill*         0x20000681        0x7 
 .bss.s_stats   0x20000688       0x80 ./Core/Src/main.o
 .bss.hospi1    0x20000708       0x50 ./Core/Src/octospi.o
                0x20000708                hospi1
 .bss.hI2cHandler
                0x20000758       0x54 ./Core/Src/stm32l4s5i_iot01.o
                0x20000758                hI2cHandler
 .bss.AccelerometerDrv
                0x200007ac        0x4 ./Core/Src/stm32l4s5i_iot01_accelero.o
 .bss.Hsensor_drv
                0x200007b0        0x4 ./Core/Src/stm32l4s5i_iot01_hsensor.o
 .bss.MagnetoDrv
                0x200007b4        0x4 ./Core/Src/stm32l4s5i_iot01_magneto.o
 .bss.Psensor_drv
                0x200007b8        0x4 ./Core/Src/stm32l4s5i_iot01_psensor.o
 .bss.OSPIHandle
                0x200007bc       0x50 ./Core/Src/stm32l4s5i_iot01_qspi.o
                0x200007bc                OSPIHandle
 .bss.htim6     0x2000080c       0x4c ./Core/Src/stm32l4xx_hal_timebase_tim.o
                0x2000080c                htim6
 .bss.__sbrk_heap_end
                0x20000858        0x4 ./Core/Src/sysmem.o
 .bss.huart1    0x2000085c       0x94 ./Core/Src/usart.o
                0x2000085c                huart1
 .bss.uwTick    0x200008f0        0x4 ./Drivers/STM32L4xx_HAL_Driver/Src/stm32l4xx_hal.o
                0x200008f0                uwTick
 .bss.pxCurrentTCB
                0x200008f4        0x4 ./Middlewares/Third_Party/FreeRTOS/Source/tasks.o
                0x200008f4                pxCurrentTCB
 .bss.pxReadyTasksLists
                0x200008f8       0x8c ./Middlewares/Third_Party/FreeRTOS/Source/tasks.o
 .bss.xDelayedTaskList1
                0x20000984       0x14 ./Middlewares/Third_Party/FreeRTOS/Source/tasks.o
 .bss.xDelayedTaskList2
                0x20000998       0x14 ./Middlewares/Third_Party/FreeRTOS/Source/tasks.o
 .bss.pxDelayedTaskList
                0x200009ac        0x4 ./Middlewares/Third_Party/FreeRTOS/Source/tasks.o
 .bss.pxOverflowDelayedTaskList
                0x200009b0        0x4 ./Middlewares/Third_Party/FreeRTOS/Source/tasks.o
 .bss.xPendingReadyList
                0x200009b4       0x14 ./Middlewares/Third_Party/FreeRTOS/Source/tasks.o
 .bss.xTasksWaitingTermination
                0x200009c8       0x14 ./Middlewares/Third_Party/FreeRTOS/Source/tasks.o
 .bss.uxDeletedTasksWaitingCleanUp
                0x200009dc        0x4 ./Middlewares/Third_Party/FreeRTOS/Source/tasks.o
 .bss.xSuspendedTaskList
                0x200009e0       0x14 ./Middlewares/Third_Party/FreeRTOS/Source/tasks.o
 .bss.uxCurrentNumberOfTasks
                0x200009f4        0x4 ./Middlewares/Third_Party/FreeRTOS/Source/tasks.o
 .bss.xTickCount
                0x200009f8        0x4 ./Middlewares/Third_Party/FreeRTOS/Source/tasks.o
 .bss.uxTopReadyPriority
                0x200009fc        0x4 ./Middlewares/Third_Party/FreeRTOS/Source/tasks.o
 .bss.xSchedulerRunning
                0x20000a00        0x4 ./Middlewares/Third_Party/FreeRTOS/Source/tasks.o
 .bss.xPendedTicks
                0x20000a04        0x4 ./Middlewares/Third_Party/FreeRTOS/Source/tasks.o
 .bss.xYieldPending
                0x20000a08        0x4 ./Middlewares/Third_Party/FreeRTOS/Source/tasks.o
 .bss.xNumOfOverflows
                0x20000a0c        0x4 ./Middlewares/Third_Party/FreeRTOS/Source/tasks.o
 .bss.uxTaskNumber
                0x20000a10        0x4 ./Middlewares/Third_Party/FreeRTOS/Source/tasks.o
 .bss.xNextTaskUnblockTime
                0x20000a14        0x4 ./Middlewares/Third_Party/FreeRTOS/Source/tasks.o
 .bss.xIdleTaskHandle
                0x20000a18        0x4 ./Middlewares/Third_Party/FreeRTOS/Source/tasks.o
 .bss.uxSchedulerSuspended
                0x20000a1c        0x4 ./Middlewares/Third_Party/FreeRTOS/Source/tasks.o
 .bss.ucMaxSysCallPriority
                0x20000a20        0x1 ./Middlewares/Third_Party/FreeRTOS/Source/portable/GCC/ARM_CM4F/port.o
 *fill*         0x20000a21        0x3 
 .bss.ulMaxPRIGROUPValue
                0x20000a24        0x4 ./Middlewares/Third_Party/FreeRTOS/Source/portable/GCC/ARM_CM4F/port.o
 .bss.ucHeap    0x20000a28      0xbb8 ./Middlewares/Third_Party/FreeRTOS/Source/portable/MemMang/heap_4.o
 .bss.xStart    0x200015e0        0x8 ./Middlewares/Third_Party/FreeRTOS/Source/portable/MemMang/heap_4.o
 .bss.pxEnd     0x200015e8        0x4 ./Middlewares/Third_Party/FreeRTOS/Source/portable/MemMang/heap_4.o
 .bss.xFreeBytesRemaining
                0x200015ec        0x4 ./Middlewares/Third_Party/FreeRTOS/Source/portable/MemMang/heap_4.o
 .bss.xMinimumEverFreeBytesRemaining
                0x200015f0        0x4 ./Middlewares/Third_Party/FreeRTOS/Source/portable/MemMang/heap_4.o
 .bss.xNumberOfSuccessfulAllocations
                0x200015f4        0x4 ./Middlewares/Third_Party/FreeRTOS/Source/portable/MemMang/heap_4.o
 .bss.xNumberOfSuccessfulFrees
                0x200015f8        0x4 ./Middlewares/Third_Party/FreeRTOS/Source/portable/MemMang/heap_4.o
 .bss.xBlockAllocatedBit
                0x200015fc        0x4 ./Middlewares/Third_Party/FreeRTOS/Source/portable/MemMang/heap_4.o
 .bss.__sf      0x20001600      0x138 C:/ST/STM32CubeIDE_1.19.0/STM32CubeIDE/plugins/com.st.stm32cube.ide.mcu.externaltools.gnu-tools-for-stm32.13.3.rel1.win32_1.0.0.202411081344/tools/bin/../lib/gcc/arm-none-eabi/13.3.1/../../../../arm-none-eabi/lib/thumb/v7e-m+fp/hard\libc_nano.a(libc_a-findfp.o)
                0x20001600                __sf
 .bss.errno     0x20001738        0x4 C:/ST/STM32CubeIDE_1.19.0/STM32CubeIDE/plugins/com.st.stm32cube.ide.mcu.externaltools.gnu-tools-for-stm32.13.3.rel1.win32_1.0.0.202411081344/tools/bin/../lib/gcc/arm-none-eabi/13.3.1/../../../../arm-none-eabi/lib/thumb/v7e-m+fp/hard\libc_nano.a(libc_a-reent.o)
                0x20001738                errno
 .bss.__lock___malloc_recursive_mutex
                0x2000173c        0x1 C:/ST/STM32CubeIDE_1.19.0/STM32CubeIDE/plugins/com.st.stm32cube.ide.mcu.externaltools.gnu-tools-for-stm32.13.3.rel1.win32_1.0.0.202411081344/tools/bin/../lib/gcc/arm-none-eabi/13.3.1/../../../../arm-none-eabi/lib/thumb/v7e-m+fp/hard\libc_nano.a(libc_a-lock.o)
                0x2000173c                __lock___malloc_recursive_mutex
 *fill*         0x2000173d        0x3 
 .bss.__malloc_sbrk_start
                0x20001740        0x4 C:/ST/STM32CubeIDE_1.19.0/STM32CubeIDE/plugins/com.st.stm32cube.ide.mcu.externaltools.gnu-tools-for-stm32.13.3.rel1.win32_1.0.0.202411081344/tools/bin/../lib/gcc/arm-none-eabi/13.3.1/../../../../arm-none-eabi/lib/thumb/v7e-m+fp/hard\libc_nano.a(libc_a-mallocr.o)
                0x20001740                __malloc_sbrk_start
 .bss.__malloc_free_list
                0x20001744        0x4 C:/ST/STM32CubeIDE_1.19.0/STM32CubeIDE/plugins/com.st.stm32cube.ide.mcu.externaltools.gnu-tools-for-stm32.13.3.rel1.win32_1.0.0.202411081344/tools/bin/../lib/gcc/arm-none-eabi/13.3.1/../../../../arm-none-eabi/lib/thumb/v7e-m+fp/hard\libc_nano.a(libc_a-mallocr.o)
                0x20001744                __malloc_free_list
 *(COMMON)
                0x20001748                        . = ALIGN (0x4)
                0x20001748                        _ebss = .
                0x20001748                        __bss_end__ = _ebss

._user_heap_stack
                0x20001748      0x600 load address 0x0800a984
                0x20001748                        . = ALIGN (0x8)
                [!provide]                        PROVIDE (end = .)
                0x20001748                        PROVIDE (_end = .)
                0x20001948                        . = (. + _Min_Heap_Size)
 *fill*         0x20001748      0x200 
                0x20001d48                        . = (. + _Min_Stack_Size)
 *fill*         0x20001948      0x400 
                0x20001d48                        . = ALIGN (0x8)

/DISCARD/
 libc.a(*)
 libm.a(*)
 libgcc.a(*)

.ARM.attributes
                0x00000000       0x30
 *(.ARM.attributes)
 .ARM.attributes
                0x00000000       0x22 C:/ST/STM32CubeIDE_1.19.0/STM32CubeIDE/plugins/com.st.stm32cube.ide.mcu.externaltools.gnu-tools-for-stm32.13.3.rel1.win32_1.0.0.202411081344/tools/bin/../lib/gcc/arm-none-eabi/13.3.1/thumb/v7e-m+fp/hard/crti.o
 .ARM.attributes
                0x00000022       0x34 C:/ST/STM32CubeIDE_1.19.0/STM32CubeIDE/plugins/com.st.stm32cube.ide.mcu.externaltools.gnu-tools-for-stm32.13.3.rel1.win32_1.0.0.202411081344/tools/bin/../lib/gcc/arm-none-eabi/13.3.1/thumb/v7e-m+fp/hard/crtbegin.o
 .ARM.attributes
                0x00000056       0x34 ./Core/Src/freertos.o
 .ARM.attributes
                0x0000008a       0x34 ./Core/Src/gpio.o
 .ARM.attributes
                0x000000be       0x34 ./Core/Src/i2c.o
 .ARM.attributes
                0x000000f2       0x34 ./Core/Src/lab4_flash.o
 .ARM.attributes
                0x00000126       0x34 ./Core/Src/main.o
 .ARM.attributes
                0x0000015a       0x34 ./Core/Src/octospi.o
 .ARM.attributes
                0x0000018e       0x34 ./Core/Src/stm32l4s5i_iot01.o
 .ARM.attributes
                0x000001c2       0x34 ./Core/Src/stm32l4s5i_iot01_accelero.o
 .ARM.attributes
                0x000001f6       0x34 ./Core/Src/stm32l4s5i_iot01_hsensor.o
 .ARM.attributes
                0x0000022a       0x34 ./Core/Src/stm32l4s5i_iot01_magneto.o
 .ARM.attributes
                0x0000025e       0x34 ./Core/Src/stm32l4s5i_iot01_psensor.o
 .ARM.attributes
                0x00000292       0x34 ./Core/Src/stm32l4s5i_iot01_qspi.o
 .ARM.attributes
                0x000002c6       0x34 ./Core/Src/stm32l4xx_hal_msp.o
 .ARM.attributes
                0x000002fa       0x34 ./Core/Src/stm32l4xx_hal_timebase_tim.o
 .ARM.attributes
                0x0000032e       0x34 ./Core/Src/stm32l4xx_it.o
 .ARM.attributes
                0x00000362       0x34 ./Core/Src/sysmem.o
 .ARM.attributes
                0x00000396       0x34 ./Core/Src/system_stm32l4xx.o
 .ARM.attributes
                0x000003ca       0x34 ./Core/Src/usart.o
 .ARM.attributes
                0x000003fe       0x21 ./Core/Startup/startup_stm32l4s5vitx.o
 .ARM.attributes
                0x0000041f       0x34 ./Drivers/Components/hts221/hts221.o
 .ARM.attributes
                0x00000453       0x34 ./Drivers/Components/lis3mdl/lis3mdl.o
 .ARM.attributes
                0x00000487       0x34 ./Drivers/Components/lps22hb/lps22hb.o
 .ARM.attributes
                0x000004bb       0x34 ./Drivers/Components/lsm6dsl/lsm6dsl.o
 .ARM.attributes
                0x000004ef       0x34 ./Drivers/STM32L4xx_HAL_Driver/Src/stm32l4xx_hal.o
 .ARM.attributes
                0x00000523       0x34 ./Drivers/STM32L4xx_HAL_Driver/Src/stm32l4xx_hal_cortex.o
 .ARM.attributes
                0x00000557       0x34 ./Drivers/STM32L4xx_HAL_Driver/Src/stm32l4xx_hal_gpio.o
 .ARM.attributes
                0x0000058b       0x34 ./Drivers/STM32L4xx_HAL_Driver/Src/stm32l4xx_hal_i2c.o
 .ARM.attributes
                0x000005bf       0x34 ./Drivers/STM32L4xx_HAL_Driver/Src/stm32l4xx_hal_i2c_ex.o
 .ARM.attributes
                0x000005f3       0x34 ./Drivers/STM32L4xx_HAL_Driver/Src/stm32l4xx_hal_ospi.o
 .ARM.attributes
                0x00000627       0x34 ./Drivers/STM32L4xx_HAL_Driver/Src/stm32l4xx_hal_pwr_ex.o
 .ARM.attributes
                0x0000065b       0x34 ./Drivers/STM32L4xx_HAL_Driver/Src/stm32l4xx_hal_rcc.o
 .ARM.attributes
                0x0000068f       0x34 ./Drivers/STM32L4xx_HAL_Driver/Src/stm32l4xx_hal_rcc_ex.o
 .ARM.attributes
                0x000006c3       0x34 ./Drivers/STM32L4xx_HAL_Driver/Src/stm32l4xx_hal_tim.o
 .ARM.attributes
                0x000006f7       0x34 ./Drivers/STM32L4xx_HAL_Driver/Src/stm32l4xx_hal_tim_ex.o
 .ARM.attributes
                0x0000072b       0x34 ./Drivers/STM32L4xx_HAL_Driver/Src/stm32l4xx_hal_uart.o
 .ARM.attributes
                0x0000075f       0x34 ./Drivers/STM32L4xx_HAL_Driver/Src/stm32l4xx_hal_uart_ex.o
 .ARM.attributes
                0x00000793       0x34 ./Middlewares/Third_Party/FreeRTOS/Source/CMSIS_RTOS/cmsis_os.o
 .ARM.attributes
                0x000007c7       0x34 ./Middlewares/Third_Party/FreeRTOS/Source/list.o
 .ARM.attributes
                0x000007fb       0x34 ./Middlewares/Third_Party/FreeRTOS/Source/tasks.o
 .ARM.attributes
                0x0000082f       0x34 ./Middlewares/Third_Party/FreeRTOS/Source/portable/GCC/ARM_CM4F/port.o
 .ARM.attributes
                0x00000863       0x34 ./Middlewares/Third_Party/FreeRTOS/Source/portable/MemMang/heap_4.o
 .ARM.attributes
                0x00000897       0x34 C:/ST/STM32CubeIDE_1.19.0/STM32CubeIDE/plugins/com.st.stm32cube.ide.mcu.externaltools.gnu-tools-for-stm32.13.3.rel1.win32_1.0.0.202411081344/tools/bin/../lib/gcc/arm-none-eabi/13.3.1/../../../../arm-none-eabi/lib/thumb/v7e-m+fp/hard\libc_nano.a(libc_a-findfp.o)
 .ARM.attributes
                0x000008cb       0x34 C:/ST/STM32CubeIDE_1.19.0/STM32CubeIDE/plugins/com.st.stm32cube.ide.mcu.externaltools.gnu-tools-for-stm32.13.3.rel1.win32_1.0.0.202411081344/tools/bin/../lib/gcc/arm-none-eabi/13.3.1/../../../../arm-none-eabi/lib/thumb/v7e-m+fp/hard\libc_nano.a(libc_a-snprintf.o)
 .ARM.attributes
                0x000008ff       0x34 C:/ST/STM32CubeIDE_1.19.0/STM32CubeIDE/plugins/com.st.stm32cube.ide.mcu.externaltools.gnu-tools-for-stm32.13.3.rel1.win32_1.0.0.202411081344/tools/bin/../lib/gcc/arm-none-eabi/13.3.1/../../../../arm-none-eabi/lib/thumb/v7e-m+fp/hard\libc_nano.a(libc_a-memcmp.o)
 .ARM.attributes
                0x00000933       0x34 C:/ST/STM32CubeIDE_1.19.0/STM32CubeIDE/plugins/com.st.stm32cube.ide.mcu.externaltools.gnu-tools-for-stm32.13.3.rel1.win32_1.0.0.202411081344/tools/bin/../lib/gcc/arm-none-eabi/13.3.1/../../../../arm-none-eabi/lib/thumb/v7e-m+fp/hard\libc_nano.a(libc_a-memset.o)
 .ARM.attributes
                0x00000967       0x34 C:/ST/STM32CubeIDE_1.19.0/STM32CubeIDE/plugins/com.st.stm32cube.ide.mcu.externaltools.gnu-tools-for-stm32.13.3.rel1.win32_1.0.0.202411081344/tools/bin/../lib/gcc/arm-none-eabi/13.3.1/../../../../arm-none-eabi/lib/thumb/v7e-m+fp/hard\libc_nano.a(libc_a-reent.o)
 .ARM.attributes
                0x0000099b       0x34 C:/ST/STM32CubeIDE_1.19.0/STM32CubeIDE/plugins/com.st.stm32cube.ide.mcu.externaltools.gnu-tools-for-stm32.13.3.rel1.win32_1.0.0.202411081344/tools/bin/../lib/gcc/arm-none-eabi/13.3.1/../../../../arm-none-eabi/lib/thumb/v7e-m+fp/hard\libc_nano.a(libc_a-impure.o)
 .ARM.attributes
                0x000009cf       0x34 C:/ST/STM32CubeIDE_1.19.0/STM32CubeIDE/plugins/com.st.stm32cube.ide.mcu.externaltools.gnu-tools-for-stm32.13.3.rel1.win32_1.0.0.202411081344/tools/bin/../lib/gcc/arm-none-eabi/13.3.1/../../../../arm-none-eabi/lib/thumb/v7e-m+fp/hard\libc_nano.a(libc_a-errno.o)
 .ARM.attributes
                0x00000a03       0x34 C:/ST/STM32CubeIDE_1.19.0/STM32CubeIDE/plugins/com.st.stm32cube.ide.mcu.externaltools.gnu-tools-for-stm32.13.3.rel1.win32_1.0.0.202411081344/tools/bin/../lib/gcc/arm-none-eabi/13.3.1/../../../../arm-none-eabi/lib/thumb/v7e-m+fp/hard\libc_nano.a(libc_a-init.o)
 .ARM.attributes
                0x00000a37       0x34 C:/ST/STM32CubeIDE_1.19.0/STM32CubeIDE/plugins/com.st.stm32cube.ide.mcu.externaltools.gnu-tools-for-stm32.13.3.rel1.win32_1.0.0.202411081344/tools/bin/../lib/gcc/arm-none-eabi/13.3.1/../../../../arm-none-eabi/lib/thumb/v7e-m+fp/hard\libc_nano.a(libc_a-lock.o)
 .ARM.attributes
                0x00000a6b       0x34 C:/ST/STM32CubeIDE_1.19.0/STM32CubeIDE/plugins/com.st.stm32cube.ide.mcu.externaltools.gnu-tools-for-stm32.13.3.rel1.win32_1.0.0.202411081344/tools/bin/../lib/gcc/arm-none-eabi/13.3.1/../../../../arm-none-eabi/lib/thumb/v7e-m+fp/hard\libc_nano.a(libc_a-memcpy-stub.o)
 .ARM.attributes
                0x00000a9f       0x17 C:/ST/STM32CubeIDE_1.19.0/STM32CubeIDE/plugins/com.st.stm32cube.ide.mcu.externaltools.gnu-tools-for-stm32.13.3.rel1.win32_1.0.0.202411081344/tools/bin/../lib/gcc/arm-none-eabi/13.3.1/../../../../arm-none-eabi/lib/thumb/v7e-m+fp/hard\libc_nano.a(libc_a-strlen.o)
 .ARM.attributes
                0x00000ab6       0x34 C:/ST/STM32CubeIDE_1.19.0/STM32CubeIDE/plugins/com.st.stm32cube.ide.mcu.externaltools.gnu-tools-for-stm32.13.3.rel1.win32_1.0.0.202411081344/tools/bin/../lib/gcc/arm-none-eabi/13.3.1/../../../../arm-none-eabi/lib/thumb/v7e-m+fp/hard\libc_nano.a(libc_a-freer.o)
 .ARM.attributes
                0x00000aea       0x34 C:/ST/STM32CubeIDE_1.19.0/STM32CubeIDE/plugins/com.st.stm32cube.ide.mcu.externaltools.gnu-tools-for-stm32.13.3.rel1.win32_1.0.0.202411081344/tools/bin/../lib/gcc/arm-none-eabi/13.3.1/../../../../arm-none-eabi/lib/thumb/v7e-m+fp/hard\libc_nano.a(libc_a-mallocr.o)
 .ARM.attributes
                0x00000b1e       0x34 C:/ST/STM32CubeIDE_1.19.0/STM32CubeIDE/plugins/com.st.stm32cube.ide.mcu.externaltools.gnu-tools-for-stm32.13.3.rel1.win32_1.0.0.202411081344/tools/bin/../lib/gcc/arm-none-eabi/13.3.1/../../../../arm-none-eabi/lib/thumb/v7e-m+fp/hard\libc_nano.a(libc_a-mlock.o)
 .ARM.attributes
                0x00000b52       0x34 C:/ST/STM32CubeIDE_1.19.0/STM32CubeIDE/plugins/com.st.stm32cube.ide.mcu.externaltools.gnu-tools-for-stm32.13.3.rel1.win32_1.0.0.202411081344/tools/bin/../lib/gcc/arm-none-eabi/13.3.1/../../../../arm-none-eabi/lib/thumb/v7e-m+fp/hard\libc_nano.a(libc_a-nano-svfprintf.o)
 .ARM.attributes
                0x00000b86       0x34 C:/ST/STM32CubeIDE_1.19.0/STM32CubeIDE/plugins/com.st.stm32cube.ide.mcu.externaltools.gnu-tools-for-stm32.13.3.rel1.win32_1.0.0.202411081344/tools/bin/../lib/gcc/arm-none-eabi/13.3.1/../../../../arm-none-eabi/lib/thumb/v7e-m+fp/hard\libc_nano.a(libc_a-nano-vfprintf_i.o)
 .ARM.attributes
                0x00000bba       0x34 C:/ST/STM32CubeIDE_1.19.0/STM32CubeIDE/plugins/com.st.stm32cube.ide.mcu.externaltools.gnu-tools-for-stm32.13.3.rel1.win32_1.0.0.202411081344/tools/bin/../lib/gcc/arm-none-eabi/13.3.1/../../../../arm-none-eabi/lib/thumb/v7e-m+fp/hard\libc_nano.a(libc_a-memmove.o)
 .ARM.attributes
                0x00000bee       0x34 C:/ST/STM32CubeIDE_1.19.0/STM32CubeIDE/plugins/com.st.stm32cube.ide.mcu.externaltools.gnu-tools-for-stm32.13.3.rel1.win32_1.0.0.202411081344/tools/bin/../lib/gcc/arm-none-eabi/13.3.1/../../../../arm-none-eabi/lib/thumb/v7e-m+fp/hard\libc_nano.a(libc_a-sbrkr.o)
 .ARM.attributes
                0x00000c22       0x1c C:/ST/STM32CubeIDE_1.19.0/STM32CubeIDE/plugins/com.st.stm32cube.ide.mcu.externaltools.gnu-tools-for-stm32.13.3.rel1.win32_1.0.0.202411081344/tools/bin/../lib/gcc/arm-none-eabi/13.3.1/../../../../arm-none-eabi/lib/thumb/v7e-m+fp/hard\libc_nano.a(libc_a-memchr.o)
 .ARM.attributes
                0x00000c3e       0x34 C:/ST/STM32CubeIDE_1.19.0/STM32CubeIDE/plugins/com.st.stm32cube.ide.mcu.externaltools.gnu-tools-for-stm32.13.3.rel1.win32_1.0.0.202411081344/tools/bin/../lib/gcc/arm-none-eabi/13.3.1/../../../../arm-none-eabi/lib/thumb/v7e-m+fp/hard\libc_nano.a(libc_a-reallocr.o)
 .ARM.attributes
                0x00000c72       0x34 C:/ST/STM32CubeIDE_1.19.0/STM32CubeIDE/plugins/com.st.stm32cube.ide.mcu.externaltools.gnu-tools-for-stm32.13.3.rel1.win32_1.0.0.202411081344/tools/bin/../lib/gcc/arm-none-eabi/13.3.1/../../../../arm-none-eabi/lib/thumb/v7e-m+fp/hard\libc_nano.a(libc_a-msizer.o)
 .ARM.attributes
                0x00000ca6       0x22 C:/ST/STM32CubeIDE_1.19.0/STM32CubeIDE/plugins/com.st.stm32cube.ide.mcu.externaltools.gnu-tools-for-stm32.13.3.rel1.win32_1.0.0.202411081344/tools/bin/../lib/gcc/arm-none-eabi/13.3.1/thumb/v7e-m+fp/hard\libgcc.a(_aeabi_ldivmod.o)
 .ARM.attributes
                0x00000cc8       0x22 C:/ST/STM32CubeIDE_1.19.0/STM32CubeIDE/plugins/com.st.stm32cube.ide.mcu.externaltools.gnu-tools-for-stm32.13.3.rel1.win32_1.0.0.202411081344/tools/bin/../lib/gcc/arm-none-eabi/13.3.1/thumb/v7e-m+fp/hard\libgcc.a(_aeabi_uldivmod.o)
 .ARM.attributes
                0x00000cea       0x34 C:/ST/STM32CubeIDE_1.19.0/STM32CubeIDE/plugins/com.st.stm32cube.ide.mcu.externaltools.gnu-tools-for-stm32.13.3.rel1.win32_1.0.0.202411081344/tools/bin/../lib/gcc/arm-none-eabi/13.3.1/thumb/v7e-m+fp/hard\libgcc.a(_udivmoddi4.o)
 .ARM.attributes
                0x00000d1e       0x22 C:/ST/STM32CubeIDE_1.19.0/STM32CubeIDE/plugins/com.st.stm32cube.ide.mcu.externaltools.gnu-tools-for-stm32.13.3.rel1.win32_1.0.0.202411081344/tools/bin/../lib/gcc/arm-none-eabi/13.3.1/thumb/v7e-m+fp/hard\libgcc.a(_dvmd_tls.o)
 .ARM.attributes
                0x00000d40       0x22 C:/ST/STM32CubeIDE_1.19.0/STM32CubeIDE/plugins/com.st.stm32cube.ide.mcu.externaltools.gnu-tools-for-stm32.13.3.rel1.win32_1.0.0.202411081344/tools/bin/../lib/gcc/arm-none-eabi/13.3.1/thumb/v7e-m+fp/hard/crtn.o
OUTPUT(LAB 4.elf elf32-littlearm)
LOAD linker stubs
LOAD C:/ST/STM32CubeIDE_1.19.0/STM32CubeIDE/plugins/com.st.stm32cube.ide.mcu.externaltools.gnu-tools-for-stm32.13.3.rel1.win32_1.0.0.202411081344/tools/bin/../lib/gcc/arm-none-eabi/13.3.1/../../../../arm-none-eabi/lib/thumb/v7e-m+fp/hard\libc.a
LOAD C:/ST/STM32CubeIDE_1.19.0/STM32CubeIDE/plugins/com.st.stm32cube.ide.mcu.externaltools.gnu-tools-for-stm32.13.3.rel1.win32_1.0.0.202411081344/tools/bin/../lib/gcc/arm-none-eabi/13.3.1/../../../../arm-none-eabi/lib/thumb/v7e-m+fp/hard\libm.a
LOAD C:/ST/STM32CubeIDE_1.19.0/STM32CubeIDE/plugins/com.st.stm32cube.ide.mcu.externaltools.gnu-tools-for-stm32.13.3.rel1.win32_1.0.0.202411081344/tools/bin/../lib/gcc/arm-none-eabi/13.3.1/thumb/v7e-m+fp/hard\libgcc.a

.debug_info     0x00000000    0x23f13
 .debug_info    0x00000000      0xd35 ./Core/Src/freertos.o
 .debug_info    0x00000d35      0x483 ./Core/Src/gpio.o
 .debug_info    0x000011b8      0xe49 ./Core/Src/i2c.o
 .debug_info    0x00002001      0x408 ./Core/Src/lab4_flash.o
 .debug_info    0x00002409     0x191e ./Core/Src/main.o
 .debug_info    0x00003d27      0xfcb ./Core/Src/octospi.o
 .debug_info    0x00004cf2     0x1ceb ./Core/Src/stm32l4s5i_iot01.o
 .debug_info    0x000069dd      0x35d ./Core/Src/stm32l4s5i_iot01_accelero.o
 .debug_info    0x00006d3a      0x1f1 ./Core/Src/stm32l4s5i_iot01_hsensor.o
 .debug_info    0x00006f2b      0x332 ./Core/Src/stm32l4s5i_iot01_magneto.o
 .debug_info    0x0000725d      0x1f1 ./Core/Src/stm32l4s5i_iot01_psensor.o
 .debug_info    0x0000744e     0x1415 ./Core/Src/stm32l4s5i_iot01_qspi.o
 .debug_info    0x00008863      0x5a3 ./Core/Src/stm32l4xx_hal_msp.o
 .debug_info    0x00008e06      0xe48 ./Core/Src/stm32l4xx_hal_timebase_tim.o
 .debug_info    0x00009c4e      0x83c ./Core/Src/stm32l4xx_it.o
 .debug_info    0x0000a48a      0x168 ./Core/Src/sysmem.o
 .debug_info    0x0000a5f2      0x61a ./Core/Src/system_stm32l4xx.o
 .debug_info    0x0000ac0c      0xf03 ./Core/Src/usart.o
 .debug_info    0x0000bb0f       0x30 ./Core/Startup/startup_stm32l4s5vitx.o
 .debug_info    0x0000bb3f      0x4de ./Drivers/Components/hts221/hts221.o
 .debug_info    0x0000c01d      0x3bb ./Drivers/Components/lis3mdl/lis3mdl.o
 .debug_info    0x0000c3d8      0x45f ./Drivers/Components/lps22hb/lps22hb.o
 .debug_info    0x0000c837      0x5b9 ./Drivers/Components/lsm6dsl/lsm6dsl.o
 .debug_info    0x0000cdf0      0xb91 ./Drivers/STM32L4xx_HAL_Driver/Src/stm32l4xx_hal.o
 .debug_info    0x0000d981      0xdcb ./Drivers/STM32L4xx_HAL_Driver/Src/stm32l4xx_hal_cortex.o
 .debug_info    0x0000e74c      0x7cf ./Drivers/STM32L4xx_HAL_Driver/Src/stm32l4xx_hal_gpio.o
 .debug_info    0x0000ef1b     0x2214 ./Drivers/STM32L4xx_HAL_Driver/Src/stm32l4xx_hal_i2c.o
 .debug_info    0x0001112f      0xb27 ./Drivers/STM32L4xx_HAL_Driver/Src/stm32l4xx_hal_i2c_ex.o
 .debug_info    0x00011c56     0x1863 ./Drivers/STM32L4xx_HAL_Driver/Src/stm32l4xx_hal_ospi.o
 .debug_info    0x000134b9      0xa36 ./Drivers/STM32L4xx_HAL_Driver/Src/stm32l4xx_hal_pwr_ex.o
 .debug_info    0x00013eef      0xd63 ./Drivers/STM32L4xx_HAL_Driver/Src/stm32l4xx_hal_rcc.o
 .debug_info    0x00014c52     0x11ae ./Drivers/STM32L4xx_HAL_Driver/Src/stm32l4xx_hal_rcc_ex.o
 .debug_info    0x00015e00     0x2c04 ./Drivers/STM32L4xx_HAL_Driver/Src/stm32l4xx_hal_tim.o
 .debug_info    0x00018a04     0x1806 ./Drivers/STM32L4xx_HAL_Driver/Src/stm32l4xx_hal_tim_ex.o