../Core/Src/main.c:99:5:main	8
../Core/Src/main.c:207:6:SystemClock_Config	4
../Core/Src/main.c:258:13:MX_ADC1_Init	4
../Core/Src/main.c:341:13:MX_DAC1_Init	4
../Core/Src/main.c:392:13:MX_GPIO_Init	1
../Core/Src/main.c:426:13:BuildSineLUT	3
../Core/Src/main.c:439:17:sample_from_wave	3
../Core/Src/main.c:451:13:HandleButton	5
../Core/Src/main.c:481:17:ADC1_ReadVrefint_Regular	4
../Core/Src/main.c:492:17:ADC1_ReadTemp_Injected	4
../Core/Src/main.c:504:17:tri_from_phase	2
../Core/Src/main.c:522:13:DWT_Init	1
../Core/Src/main.c:529:13:DWT_Delay_us	2
../Core/Src/main.c:541:6:Error_Handler	1
