../Core/Src/main.c:97:5:main	8
../Core/Src/main.c:207:6:SystemClock_Config	4
../Core/Src/main.c:258:13:MX_ADC1_Init	4
../Core/Src/main.c:341:13:MX_DAC1_Init	4
../Core/Src/main.c:392:13:MX_GPIO_Init	1
../Core/Src/main.c:427:13:BuildSineLUT	3
../Core/Src/main.c:440:17:sample_from_wave	3
../Core/Src/main.c:451:13:HandleButton	5
../Core/Src/main.c:479:17:ADC1_ReadVrefint_Regular	4
../Core/Src/main.c:490:17:ADC1_ReadTemp_Injected	4
../Core/Src/main.c:501:17:tri_from_phase	2
../Core/Src/main.c:518:13:DWT_Init	1
../Core/Src/main.c:525:13:DWT_Delay_us	2
../Core/Src/main.c:537:6:Error_Handler	1
