../Core/Src/main.c:155:17:TIM2_GetClockHz	16	static
../Core/Src/main.c:174:17:DFSDM_GetSampleRateHz	24	static
../Core/Src/main.c:187:13:TIM2_SetSampleRateHz	80	static
../Core/Src/main.c:255:13:BuildSequenceBuffer	80	static
../Core/Src/main.c:326:13:StartSequencePlayback	24	static
../Core/Src/main.c:363:6:HAL_GPIO_EXTI_Callback	24	static
../Core/Src/main.c:376:6:HAL_TIM_PeriodElapsedCallback	16	static
../Core/Src/main.c:393:6:HAL_DFSDM_FilterRegConvCpltCallback	16	static
../Core/Src/main.c:402:13:StartRecording	8	static
../Core/Src/main.c:428:13:ProcessMicToDacBuffer	64	static
../Core/Src/main.c:460:13:StartPlayback	24	static
../Core/Src/main.c:496:13:StopPlayback	8	static
../Core/Src/main.c:515:5:main	16	static
../Core/Src/main.c:621:6:SystemClock_Config	96	static
../Core/Src/main.c:672:13:MX_DAC1_Init	48	static
../Core/Src/main.c:716:13:MX_DFSDM1_Init	8	static
../Core/Src/main.c:769:13:MX_TIM2_Init	40	static
../Core/Src/main.c:812:13:MX_DMA_Init	16	static
../Core/Src/main.c:834:13:MX_GPIO_Init	48	static
../Core/Src/main.c:880:6:Error_Handler	4	static,ignoring_inline_asm
