../Core/Src/main.c:155:17:TIM2_GetClockHz	2
../Core/Src/main.c:174:17:DFSDM_GetSampleRateHz	3
../Core/Src/main.c:187:13:TIM2_SetSampleRateHz	6
../Core/Src/main.c:255:13:BuildSequenceBuffer	16
../Core/Src/main.c:326:13:StartSequencePlayback	5
../Core/Src/main.c:363:6:HAL_GPIO_EXTI_Callback	3
../Core/Src/main.c:376:6:HAL_TIM_PeriodElapsedCallback	4
../Core/Src/main.c:393:6:HAL_DFSDM_FilterRegConvCpltCallback	2
../Core/Src/main.c:402:13:StartRecording	2
../Core/Src/main.c:428:13:ProcessMicToDacBuffer	7
../Core/Src/main.c:460:13:StartPlayback	3
../Core/Src/main.c:496:13:StopPlayback	2
../Core/Src/main.c:515:5:main	8
../Core/Src/main.c:621:6:SystemClock_Config	4
../Core/Src/main.c:672:13:MX_DAC1_Init	3
../Core/Src/main.c:716:13:MX_DFSDM1_Init	4
../Core/Src/main.c:769:13:MX_TIM2_Init	4
../Core/Src/main.c:812:13:MX_DMA_Init	1
../Core/Src/main.c:834:13:MX_GPIO_Init	1
../Core/Src/main.c:880:6:Error_Handler	1
