../Core/Src/main.c:139:17:TIM2_GetClockHz	16	static
../Core/Src/main.c:158:17:DFSDM_GetSampleRateHz	24	static
../Core/Src/main.c:171:13:TIM2_SetSampleRateHz	80	static
../Core/Src/main.c:194:13:StartDacDmaPlayback	32	static
../Core/Src/main.c:220:13:GenerateSineTable	32	static
../Core/Src/main.c:237:13:App_Init	8	static
../Core/Src/main.c:252:13:App_Loop	8	static
../Core/Src/main.c:265:13:App_Part1_Init	8	static
../Core/Src/main.c:284:13:App_Part1_Loop	4	static
../Core/Src/main.c:289:13:App_Part2_Init	8	static
../Core/Src/main.c:295:13:App_Part2_Loop	4	static
../Core/Src/main.c:300:13:App_Part3_Init	8	static
../Core/Src/main.c:307:13:App_Part3_Loop	16	static
../Core/Src/main.c:353:6:HAL_TIM_PeriodElapsedCallback	24	static
../Core/Src/main.c:374:6:HAL_GPIO_EXTI_Callback	16	static
../Core/Src/main.c:396:6:HAL_DFSDM_FilterRegConvCpltCallback	16	static
../Core/Src/main.c:405:13:StartRecording	8	static
../Core/Src/main.c:431:13:ProcessMicToDacBuffer	64	static
../Core/Src/main.c:463:13:StartPlayback	16	static
../Core/Src/main.c:478:13:StopPlayback	8	static
../Core/Src/main.c:496:5:main	8	static
../Core/Src/main.c:545:6:SystemClock_Config	96	static
../Core/Src/main.c:596:13:MX_DAC1_Init	48	static
../Core/Src/main.c:640:13:MX_DFSDM1_Init	8	static
../Core/Src/main.c:693:13:MX_TIM2_Init	40	static
../Core/Src/main.c:736:13:MX_DMA_Init	16	static
../Core/Src/main.c:758:13:MX_GPIO_Init	48	static
../Core/Src/main.c:804:6:Error_Handler	4	static,ignoring_inline_asm
