../Core/Src/main.c:139:17:TIM2_GetClockHz	2
../Core/Src/main.c:158:17:DFSDM_GetSampleRateHz	3
../Core/Src/main.c:171:13:TIM2_SetSampleRateHz	6
../Core/Src/main.c:194:13:StartDacDmaPlayback	3
../Core/Src/main.c:220:13:GenerateSineTable	4
../Core/Src/main.c:237:13:App_Init	1
../Core/Src/main.c:252:13:App_Loop	1
../Core/Src/main.c:265:13:App_Part1_Init	3
../Core/Src/main.c:284:13:App_Part1_Loop	1
../Core/Src/main.c:289:13:App_Part2_Init	1
../Core/Src/main.c:295:13:App_Part2_Loop	1
../Core/Src/main.c:300:13:App_Part3_Init	1
../Core/Src/main.c:307:13:App_Part3_Loop	7
../Core/Src/main.c:353:6:HAL_TIM_PeriodElapsedCallback	3
../Core/Src/main.c:374:6:HAL_GPIO_EXTI_Callback	2
../Core/Src/main.c:396:6:HAL_DFSDM_FilterRegConvCpltCallback	2
../Core/Src/main.c:405:13:StartRecording	2
../Core/Src/main.c:431:13:ProcessMicToDacBuffer	7
../Core/Src/main.c:463:13:StartPlayback	1
../Core/Src/main.c:478:13:StopPlayback	2
../Core/Src/main.c:496:5:main	1
../Core/Src/main.c:545:6:SystemClock_Config	4
../Core/Src/main.c:596:13:MX_DAC1_Init	3
../Core/Src/main.c:640:13:MX_DFSDM1_Init	4
../Core/Src/main.c:693:13:MX_TIM2_Init	4
../Core/Src/main.c:736:13:MX_DMA_Init	1
../Core/Src/main.c:758:13:MX_GPIO_Init	1
../Core/Src/main.c:804:6:Error_Handler	1
