14:34:17 **** Incremental Build of configuration Debug for project LAB 4 ****
make -j28 all 
arm-none-eabi-gcc "../Core/Src/freertos.c" -mcpu=cortex-m4 -std=gnu11 -g3 -DDEBUG -DUSE_HAL_DRIVER -DSTM32L4S5xx -c -I../Core/Inc -I"C:/Users/victo/Documents/ECSE 321/ECSE-444---Labs/LAB 4/Drivers/Components/st25dv" -I"C:/Users/victo/Documents/ECSE 321/ECSE-444---Labs/LAB 4/Drivers/Components" -I"C:/Users/victo/Documents/ECSE 321/ECSE-444---Labs/LAB 4/Drivers/Components/mx25r6435f" -I"C:/Users/victo/Documents/ECSE 321/ECSE-444---Labs/LAB 4/Drivers/mx25r6435f" -I"C:/Users/victo/Documents/ECSE 321/ECSE-444---Labs/LAB 4/Drivers/Components/Common" -I"C:/Users/victo/Documents/ECSE 321/ECSE-444---Labs/LAB 4/Drivers/Components/hts221" -I"C:/Users/victo/Documents/ECSE 321/ECSE-444---Labs/LAB 4/Drivers/Components/lis3mdl" -I"C:/Users/victo/Documents/ECSE 321/ECSE-444---Labs/LAB 4/Drivers/Components/lsm6dsl" -I"C:/Users/victo/Documents/ECSE 321/ECSE-444---Labs/LAB 4/Drivers/Components/lps22hb" -I../Drivers/STM32L4xx_HAL_Driver/Inc -I../Drivers/STM32L4xx_HAL_Driver/Inc/Legacy -I../Drivers/CMSIS/Device/ST/STM32L4xx/Include -I../Drivers/CMSIS/Include -I../Middlewares/Third_Party/FreeRTOS/Source/include -I../Middlewares/Third_Party/FreeRTOS/Source/CMSIS_RTOS -I../Middlewares/Third_Party/FreeRTOS/Source/portable/GCC/ARM_CM4F -O0 -ffunction-sections -fdata-sections -Wall -fstack-usage -fcyclomatic-complexity -MMD -MP -MF"Core/Src/freertos.d" -MT"Core/Src/freertos.o" --specs=nano.specs -mfpu=fpv4-sp-d16 -mfloat-abi=hard -mthumb -o "Core/Src/freertos.o"
arm-none-eabi-gcc -o "LAB 4.elf" @"objects.list"   -mcpu=cortex-m4 -T"C:\Users\victo\Documents\ECSE 321\ECSE-444---Labs\LAB 4\STM32L4S5VITX_FLASH.ld" --specs=nosys.specs -Wl,-Map="LAB 4.map" -Wl,--gc-sections -static --specs=nano.specs -mfpu=fpv4-sp-d16 -mfloat-abi=hard -mthumb -Wl,--start-group -lc -lm -Wl,--end-group
Finished building target: LAB 4.elf
 
arm-none-eabi-size  LAB\ 4.elf 
arm-none-eabi-objdump -h -S LAB\ 4.elf  > "LAB 4.list"
   text	   data	    bss	    dec	    hex	filename
  43152	    240	   7256	  50648	   c5d8	LAB 4.elf
Finished building: default.size.stdout
 
Finished building: LAB 4.list
 
14:34:25 **** Incremental Build of configuration Debug for project LAB 4 ****
make -j28 all 
arm-none-eabi-size  LAB\ 4.elf 
   text	   data	    bss	    dec	    hex	filename
  43152	    240	   7256	  50648	   c5d8	LAB 4.elf
Finished building: default.size.stdout
 
