16:58:51 **** Incremental Build of configuration Debug for project Lab2 ****
make -j10 all 
arm-none-eabi-size  Lab2.elf 
   text	   data	    bss	    dec	    hex	filename
  24108	     16	   1864	  25988	   6584	Lab2.elf
Finished building: default.size.stdout
 
16:58:56 **** Incremental Build of configuration Debug for project Lab2 ****
make -j10 all 
arm-none-eabi-size  Lab2.elf 
   text	   data	    bss	    dec	    hex	filename
  24108	     16	   1864	  25988	   6584	Lab2.elf
Finished building: default.size.stdout
 
17:00:02 **** Incremental Build of configuration Debug for project Lab2 ****
make -j10 all 
arm-none-eabi-size  Lab2.elf 
   text	   data	    bss	    dec	    hex	filename
  24108	     16	   1864	  25988	   6584	Lab2.elf
Finished building: default.size.stdout
 
