../Core/Src/main.c:154:13:Part4_ResetStats	2
../Core/Src/main.c:168:26:Part4_InitLogging	3
../Core/Src/main.c:202:16:Part4_GetHumidityForLog	1
../Core/Src/main.c:207:16:Part4_GetMagnetoXForLog	1
../Core/Src/main.c:212:16:Part4_GetAcceleroXForLog	1
../Core/Src/main.c:217:16:Part4_GetPressureForLog	1
../Core/Src/main.c:222:13:Part4_LogAppendRecord	3
../Core/Src/main.c:235:26:Part4_EnsureLogCapacity	5
../Core/Src/main.c:263:26:Part4_FlushLogBuffer	4
../Core/Src/main.c:309:13:Part4_LogCurrentSamples	4
../Core/Src/main.c:333:13:Part4_AccumulateRecord	3
../Core/Src/main.c:351:13:Part4_FinalizeStats	4
../Core/Src/main.c:382:26:Part4_RecomputeStatsFromFlash	5
../Core/Src/main.c:437:13:Part4_UpdateStatsIfNeeded	5
../Core/Src/main.c:451:6:Sensors_Init	5
../Core/Src/main.c:474:6:Sensors_ReadAll	1
../Core/Src/main.c:508:6:Handle_Button	4
../Core/Src/main.c:530:6:UART_SendSelectedSensor	9
../Core/Src/main.c:611:5:main	5
../Core/Src/main.c:713:6:SystemClock_Config	4
../Core/Src/main.c:771:6:HAL_TIM_PeriodElapsedCallback	2
../Core/Src/main.c:789:6:Error_Handler	1
