../Core/Src/main.c:154:13:Part4_ResetStats	16	static
../Core/Src/main.c:168:26:Part4_InitLogging	16	static
../Core/Src/main.c:202:16:Part4_GetHumidityForLog	4	static
../Core/Src/main.c:207:16:Part4_GetMagnetoXForLog	4	static
../Core/Src/main.c:212:16:Part4_GetAcceleroXForLog	4	static
../Core/Src/main.c:217:16:Part4_GetPressureForLog	4	static
../Core/Src/main.c:222:13:Part4_LogAppendRecord	24	static
../Core/Src/main.c:235:26:Part4_EnsureLogCapacity	24	static
../Core/Src/main.c:263:26:Part4_FlushLogBuffer	16	static
../Core/Src/main.c:309:13:Part4_LogCurrentSamples	16	static
../Core/Src/main.c:333:13:Part4_AccumulateRecord	56	static
../Core/Src/main.c:351:13:Part4_FinalizeStats	88	static
../Core/Src/main.c:382:26:Part4_RecomputeStatsFromFlash	32	static
../Core/Src/main.c:437:13:Part4_UpdateStatsIfNeeded	8	static
../Core/Src/main.c:451:6:Sensors_Init	8	static
../Core/Src/main.c:474:6:Sensors_ReadAll	8	static
../Core/Src/main.c:508:6:Handle_Button	16	static
../Core/Src/main.c:530:6:UART_SendSelectedSensor	104	static
../Core/Src/main.c:611:5:main	144	static
../Core/Src/main.c:713:6:SystemClock_Config	96	static
../Core/Src/main.c:771:6:HAL_TIM_PeriodElapsedCallback	16	static
../Core/Src/main.c:789:6:Error_Handler	4	static,ignoring_inline_asm
