../Core/Src/main.c:91:13:Sensors_Init	8	static
../Core/Src/main.c:114:13:Sensors_ReadAll	8	static
../Core/Src/main.c:129:13:Handle_Button	16	static
../Core/Src/main.c:149:13:UART_SendSelectedSensor	24	static
../Core/Src/main.c:197:5:main	24	static
../Core/Src/main.c:257:6:SystemClock_Config	96	static
../Core/Src/main.c:308:13:MX_I2C2_Init	8	static
../Core/Src/main.c:356:13:MX_USART1_UART_Init	8	static
../Core/Src/main.c:404:13:MX_GPIO_Init	40	static
../Core/Src/main.c:434:6:Error_Handler	4	static,ignoring_inline_asm
